Archive member included to satisfy reference by file (symbol)

c:/ac6/systemworkbench/plugins/fr.ac6.mcu.externaltools.arm-none.win32_1.16.0.201807130628/tools/compiler/bin/../lib/gcc/arm-none-eabi/7.2.1/../../../../arm-none-eabi/lib/thumb/v7e-m/fpv4-sp/hard\libc_nano.a(lib_a-exit.o)
                              c:/ac6/systemworkbench/plugins/fr.ac6.mcu.externaltools.arm-none.win32_1.16.0.201807130628/tools/compiler/bin/../lib/gcc/arm-none-eabi/7.2.1/../../../../arm-none-eabi/lib/thumb/v7e-m/fpv4-sp/hard/crt0.o (exit)
c:/ac6/systemworkbench/plugins/fr.ac6.mcu.externaltools.arm-none.win32_1.16.0.201807130628/tools/compiler/bin/../lib/gcc/arm-none-eabi/7.2.1/../../../../arm-none-eabi/lib/thumb/v7e-m/fpv4-sp/hard\libc_nano.a(lib_a-impure.o)
                              c:/ac6/systemworkbench/plugins/fr.ac6.mcu.externaltools.arm-none.win32_1.16.0.201807130628/tools/compiler/bin/../lib/gcc/arm-none-eabi/7.2.1/../../../../arm-none-eabi/lib/thumb/v7e-m/fpv4-sp/hard\libc_nano.a(lib_a-exit.o) (_global_impure_ptr)
c:/ac6/systemworkbench/plugins/fr.ac6.mcu.externaltools.arm-none.win32_1.16.0.201807130628/tools/compiler/bin/../lib/gcc/arm-none-eabi/7.2.1/../../../../arm-none-eabi/lib/thumb/v7e-m/fpv4-sp/hard\libc_nano.a(lib_a-init.o)
                              c:/ac6/systemworkbench/plugins/fr.ac6.mcu.externaltools.arm-none.win32_1.16.0.201807130628/tools/compiler/bin/../lib/gcc/arm-none-eabi/7.2.1/../../../../arm-none-eabi/lib/thumb/v7e-m/fpv4-sp/hard/crt0.o (__libc_init_array)
c:/ac6/systemworkbench/plugins/fr.ac6.mcu.externaltools.arm-none.win32_1.16.0.201807130628/tools/compiler/bin/../lib/gcc/arm-none-eabi/7.2.1/../../../../arm-none-eabi/lib/thumb/v7e-m/fpv4-sp/hard\libc_nano.a(lib_a-memcpy-stub.o)
                              Middlewares/Third_Party/FreeRTOS/Source/queue.o (memcpy)
c:/ac6/systemworkbench/plugins/fr.ac6.mcu.externaltools.arm-none.win32_1.16.0.201807130628/tools/compiler/bin/../lib/gcc/arm-none-eabi/7.2.1/../../../../arm-none-eabi/lib/thumb/v7e-m/fpv4-sp/hard\libc_nano.a(lib_a-memset.o)
                              c:/ac6/systemworkbench/plugins/fr.ac6.mcu.externaltools.arm-none.win32_1.16.0.201807130628/tools/compiler/bin/../lib/gcc/arm-none-eabi/7.2.1/../../../../arm-none-eabi/lib/thumb/v7e-m/fpv4-sp/hard/crt0.o (memset)
c:/ac6/systemworkbench/plugins/fr.ac6.mcu.externaltools.arm-none.win32_1.16.0.201807130628/tools/compiler/bin/../lib/gcc/arm-none-eabi/7.2.1/../../../../arm-none-eabi/lib/thumb/v7e-m/fpv4-sp/hard\libnosys.a(_exit.o)
                              c:/ac6/systemworkbench/plugins/fr.ac6.mcu.externaltools.arm-none.win32_1.16.0.201807130628/tools/compiler/bin/../lib/gcc/arm-none-eabi/7.2.1/../../../../arm-none-eabi/lib/thumb/v7e-m/fpv4-sp/hard\libc_nano.a(lib_a-exit.o) (_exit)

Allocating common symbols
Common symbol       size              file

defaultTaskHandle   0x4               Src/freertos.o
CmdProcesorHandle   0x4               Src/freertos.o
BlinkyHandle        0x4               Src/freertos.o
uwTick              0x4               Drivers/STM32F3xx_HAL_Driver/Src/stm32f3xx_hal.o
xQueueRegistry      0x40              Middlewares/Third_Party/FreeRTOS/Source/queue.o
pFlash              0x20              Drivers/STM32F3xx_HAL_Driver/Src/stm32f3xx_hal_flash.o
hspi3               0x64              Src/spi.o
hadc1               0x54              Src/adc.o
huart1              0x70              Src/usart.o
hspi1               0x64              Src/spi.o
uart_rx_rb          0x8               Src/main.o
htim2               0x40              Src/stm32f3xx_hal_timebase_TIM.o
uart_tmp_rx_char    0x1               Src/main.o
uart_rx_buffer      0x80              Src/main.o

Discarded input sections

 .text          0x00000000        0x0 c:/ac6/systemworkbench/plugins/fr.ac6.mcu.externaltools.arm-none.win32_1.16.0.201807130628/tools/compiler/bin/../lib/gcc/arm-none-eabi/7.2.1/thumb/v7e-m/fpv4-sp/hard/crti.o
 .data          0x00000000        0x0 c:/ac6/systemworkbench/plugins/fr.ac6.mcu.externaltools.arm-none.win32_1.16.0.201807130628/tools/compiler/bin/../lib/gcc/arm-none-eabi/7.2.1/thumb/v7e-m/fpv4-sp/hard/crti.o
 .bss           0x00000000        0x0 c:/ac6/systemworkbench/plugins/fr.ac6.mcu.externaltools.arm-none.win32_1.16.0.201807130628/tools/compiler/bin/../lib/gcc/arm-none-eabi/7.2.1/thumb/v7e-m/fpv4-sp/hard/crti.o
 .data          0x00000000        0x4 c:/ac6/systemworkbench/plugins/fr.ac6.mcu.externaltools.arm-none.win32_1.16.0.201807130628/tools/compiler/bin/../lib/gcc/arm-none-eabi/7.2.1/thumb/v7e-m/fpv4-sp/hard/crtbegin.o
 .text          0x00000000       0x74 c:/ac6/systemworkbench/plugins/fr.ac6.mcu.externaltools.arm-none.win32_1.16.0.201807130628/tools/compiler/bin/../lib/gcc/arm-none-eabi/7.2.1/../../../../arm-none-eabi/lib/thumb/v7e-m/fpv4-sp/hard/crt0.o
[...]
Memory Configuration

Name             Origin             Length             Attributes
RAM              0x20000000         0x0000a000         xrw
CCMRAM           0x10000000         0x00002000         rw
FLASH            0x08000000         0x00040000         xr
*default*        0x00000000         0xffffffff

Linker script and memory map

LOAD c:/ac6/systemworkbench/plugins/fr.ac6.mcu.externaltools.arm-none.win32_1.16.0.201807130628/tools/compiler/bin/../lib/gcc/arm-none-eabi/7.2.1/thumb/v7e-m/fpv4-sp/hard/crti.o
LOAD c:/ac6/systemworkbench/plugins/fr.ac6.mcu.externaltools.arm-none.win32_1.16.0.201807130628/tools/compiler/bin/../lib/gcc/arm-none-eabi/7.2.1/thumb/v7e-m/fpv4-sp/hard/crtbegin.o
LOAD c:/ac6/systemworkbench/plugins/fr.ac6.mcu.externaltools.arm-none.win32_1.16.0.201807130628/tools/compiler/bin/../lib/gcc/arm-none-eabi/7.2.1/../../../../arm-none-eabi/lib/thumb/v7e-m/fpv4-sp/hard/crt0.o
LOAD Drivers/STM32F3xx_HAL_Driver/Src/stm32f3xx_hal.o
LOAD Drivers/STM32F3xx_HAL_Driver/Src/stm32f3xx_hal_adc.o
LOAD Drivers/STM32F3xx_HAL_Driver/Src/stm32f3xx_hal_adc_ex.o
LOAD Drivers/STM32F3xx_HAL_Driver/Src/stm32f3xx_hal_cortex.o
LOAD Drivers/STM32F3xx_HAL_Driver/Src/stm32f3xx_hal_dma.o
LOAD Drivers/STM32F3xx_HAL_Driver/Src/stm32f3xx_hal_flash.o
LOAD Drivers/STM32F3xx_HAL_Driver/Src/stm32f3xx_hal_flash_ex.o
LOAD Drivers/STM32F3xx_HAL_Driver/Src/stm32f3xx_hal_gpio.o
LOAD Drivers/STM32F3xx_HAL_Driver/Src/stm32f3xx_hal_i2c.o
LOAD Drivers/STM32F3xx_HAL_Driver/Src/stm32f3xx_hal_i2c_ex.o
LOAD Drivers/STM32F3xx_HAL_Driver/Src/stm32f3xx_hal_pwr.o
LOAD Drivers/STM32F3xx_HAL_Driver/Src/stm32f3xx_hal_pwr_ex.o
LOAD Drivers/STM32F3xx_HAL_Driver/Src/stm32f3xx_hal_rcc.o
LOAD Drivers/STM32F3xx_HAL_Driver/Src/stm32f3xx_hal_rcc_ex.o
LOAD Drivers/STM32F3xx_HAL_Driver/Src/stm32f3xx_hal_spi.o
LOAD Drivers/STM32F3xx_HAL_Driver/Src/stm32f3xx_hal_spi_ex.o
LOAD Drivers/STM32F3xx_HAL_Driver/Src/stm32f3xx_hal_tim.o
LOAD Drivers/STM32F3xx_HAL_Driver/Src/stm32f3xx_hal_tim_ex.o
LOAD Drivers/STM32F3xx_HAL_Driver/Src/stm32f3xx_hal_uart.o
LOAD Drivers/STM32F3xx_HAL_Driver/Src/stm32f3xx_hal_uart_ex.o
LOAD Middlewares/Third_Party/FreeRTOS/Source/CMSIS_RTOS/cmsis_os.o
LOAD Middlewares/Third_Party/FreeRTOS/Source/croutine.o
LOAD Middlewares/Third_Party/FreeRTOS/Source/event_groups.o
LOAD Middlewares/Third_Party/FreeRTOS/Source/list.o
LOAD Middlewares/Third_Party/FreeRTOS/Source/queue.o
LOAD Middlewares/Third_Party/FreeRTOS/Source/tasks.o
LOAD Middlewares/Third_Party/FreeRTOS/Source/timers.o
LOAD Middlewares/Third_Party/FreeRTOS/Source/portable/GCC/ARM_CM4F/port.o
LOAD Middlewares/Third_Party/FreeRTOS/Source/portable/MemMang/heap_4.o
LOAD Src/adc.o
LOAD Src/freertos.o
LOAD Src/gpio.o
LOAD Src/main.o
LOAD Src/ringbuffer.o
LOAD Src/spi.o
LOAD Src/stm32f3xx_hal_msp.o
LOAD Src/stm32f3xx_hal_timebase_TIM.o
LOAD Src/stm32f3xx_it.o
LOAD Src/system_stm32f3xx.o
LOAD Src/usart.o
LOAD startup/startup_stm32f303xc.o
LOAD c:/ac6/systemworkbench/plugins/fr.ac6.mcu.externaltools.arm-none.win32_1.16.0.201807130628/tools/compiler/bin/../lib/gcc/arm-none-eabi/7.2.1/../../../../arm-none-eabi/lib/thumb/v7e-m/fpv4-sp/hard\libm.a
START GROUP
LOAD c:/ac6/systemworkbench/plugins/fr.ac6.mcu.externaltools.arm-none.win32_1.16.0.201807130628/tools/compiler/bin/../lib/gcc/arm-none-eabi/7.2.1/thumb/v7e-m/fpv4-sp/hard\libgcc.a
LOAD c:/ac6/systemworkbench/plugins/fr.ac6.mcu.externaltools.arm-none.win32_1.16.0.201807130628/tools/compiler/bin/../lib/gcc/arm-none-eabi/7.2.1/../../../../arm-none-eabi/lib/thumb/v7e-m/fpv4-sp/hard\libc_nano.a
END GROUP
START GROUP
LOAD c:/ac6/systemworkbench/plugins/fr.ac6.mcu.externaltools.arm-none.win32_1.16.0.201807130628/tools/compiler/bin/../lib/gcc/arm-none-eabi/7.2.1/thumb/v7e-m/fpv4-sp/hard\libgcc.a
LOAD c:/ac6/systemworkbench/plugins/fr.ac6.mcu.externaltools.arm-none.win32_1.16.0.201807130628/tools/compiler/bin/../lib/gcc/arm-none-eabi/7.2.1/../../../../arm-none-eabi/lib/thumb/v7e-m/fpv4-sp/hard\libc_nano.a
LOAD c:/ac6/systemworkbench/plugins/fr.ac6.mcu.externaltools.arm-none.win32_1.16.0.201807130628/tools/compiler/bin/../lib/gcc/arm-none-eabi/7.2.1/../../../../arm-none-eabi/lib/thumb/v7e-m/fpv4-sp/hard\libnosys.a
END GROUP
START GROUP
LOAD c:/ac6/systemworkbench/plugins/fr.ac6.mcu.externaltools.arm-none.win32_1.16.0.201807130628/tools/compiler/bin/../lib/gcc/arm-none-eabi/7.2.1/thumb/v7e-m/fpv4-sp/hard\libgcc.a
LOAD c:/ac6/systemworkbench/plugins/fr.ac6.mcu.externaltools.arm-none.win32_1.16.0.201807130628/tools/compiler/bin/../lib/gcc/arm-none-eabi/7.2.1/../../../../arm-none-eabi/lib/thumb/v7e-m/fpv4-sp/hard\libc_nano.a
LOAD c:/ac6/systemworkbench/plugins/fr.ac6.mcu.externaltools.arm-none.win32_1.16.0.201807130628/tools/compiler/bin/../lib/gcc/arm-none-eabi/7.2.1/../../../../arm-none-eabi/lib/thumb/v7e-m/fpv4-sp/hard\libnosys.a
END GROUP
LOAD c:/ac6/systemworkbench/plugins/fr.ac6.mcu.externaltools.arm-none.win32_1.16.0.201807130628/tools/compiler/bin/../lib/gcc/arm-none-eabi/7.2.1/thumb/v7e-m/fpv4-sp/hard/crtend.o
LOAD c:/ac6/systemworkbench/plugins/fr.ac6.mcu.externaltools.arm-none.win32_1.16.0.201807130628/tools/compiler/bin/../lib/gcc/arm-none-eabi/7.2.1/thumb/v7e-m/fpv4-sp/hard/crtn.o
                0x2000a000                _estack = 0x2000a000
                0x00000200                _Min_Heap_Size = 0x200
                0x00000400                _Min_Stack_Size = 0x400

.isr_vector     0x08000000      0x188
                0x08000000                . = ALIGN (0x4)
 *(.isr_vector)
 .isr_vector    0x08000000      0x188 startup/startup_stm32f303xc.o
                0x08000000                g_pfnVectors
                0x08000188                . = ALIGN (0x4)

.text           0x08000190     0x4668
                0x08000190                . = ALIGN (0x4)
 *(.text)
 .text          0x08000190       0x40 c:/ac6/systemworkbench/plugins/fr.ac6.mcu.externaltools.arm-none.win32_1.16.0.201807130628/tools/compiler/bin/../lib/gcc/arm-none-eabi/7.2.1/thumb/v7e-m/fpv4-sp/hard/crtbegin.o
 *(.text*)
 .text.HAL_Init
                0x080001d0       0x24 Drivers/STM32F3xx_HAL_Driver/Src/stm32f3xx_hal.o
                0x080001d0                HAL_Init
 .text.HAL_IncTick
                0x080001f4       0x18 Drivers/STM32F3xx_HAL_Driver/Src/stm32f3xx_hal.o
                0x080001f4                HAL_IncTick
 .text.HAL_GetTick
                0x0800020c        0xc Drivers/STM32F3xx_HAL_Driver/Src/stm32f3xx_hal.o
                0x0800020c                HAL_GetTick
 .text.ADC_Disable
                0x08000218       0x7e Drivers/STM32F3xx_HAL_Driver/Src/stm32f3xx_hal_adc_ex.o
 *fill*         0x08000296        0x2 
 .text.HAL_ADC_Init
                0x08000298      0x290 Drivers/STM32F3xx_HAL_Driver/Src/stm32f3xx_hal_adc_ex.o
                0x08000298                HAL_ADC_Init
 .text.HAL_ADC_ConfigChannel
                0x08000528      0x3ac Drivers/STM32F3xx_HAL_Driver/Src/stm32f3xx_hal_adc_ex.o
                0x08000528                HAL_ADC_ConfigChannel
 .text.HAL_ADCEx_MultiModeConfigChannel
                0x080008d4      0x154 Drivers/STM32F3xx_HAL_Driver/Src/stm32f3xx_hal_adc_ex.o
                0x080008d4                HAL_ADCEx_MultiModeConfigChannel
 .text.HAL_NVIC_SetPriorityGrouping
                0x08000a28       0x24 Drivers/STM32F3xx_HAL_Driver/Src/stm32f3xx_hal_cortex.o
                0x08000a28                HAL_NVIC_SetPriorityGrouping
 .text.HAL_NVIC_SetPriority
                0x08000a4c       0x68 Drivers/STM32F3xx_HAL_Driver/Src/stm32f3xx_hal_cortex.o
                0x08000a4c                HAL_NVIC_SetPriority
 .text.HAL_NVIC_EnableIRQ
                0x08000ab4       0x18 Drivers/STM32F3xx_HAL_Driver/Src/stm32f3xx_hal_cortex.o
                0x08000ab4                HAL_NVIC_EnableIRQ
 .text.HAL_SYSTICK_Config
                0x08000acc       0x2c Drivers/STM32F3xx_HAL_Driver/Src/stm32f3xx_hal_cortex.o
                0x08000acc                HAL_SYSTICK_Config
 .text.HAL_SYSTICK_CLKSourceConfig
                0x08000af8       0x20 Drivers/STM32F3xx_HAL_Driver/Src/stm32f3xx_hal_cortex.o
                0x08000af8                HAL_SYSTICK_CLKSourceConfig
 .text.HAL_DMA_Abort_IT
                0x08000b18       0x4a Drivers/STM32F3xx_HAL_Driver/Src/stm32f3xx_hal_dma.o
                0x08000b18                HAL_DMA_Abort_IT
 *fill*         0x08000b62        0x2 
 .text.HAL_GPIO_Init
                0x08000b64      0x194 Drivers/STM32F3xx_HAL_Driver/Src/stm32f3xx_hal_gpio.o
                0x08000b64                HAL_GPIO_Init
 .text.HAL_GPIO_WritePin
                0x08000cf8        0xa Drivers/STM32F3xx_HAL_Driver/Src/stm32f3xx_hal_gpio.o
                0x08000cf8                HAL_GPIO_WritePin
 .text.HAL_GPIO_TogglePin
                0x08000d02        0x8 Drivers/STM32F3xx_HAL_Driver/Src/stm32f3xx_hal_gpio.o
                0x08000d02                HAL_GPIO_TogglePin
 *fill*         0x08000d0a        0x2 
 .text.HAL_RCC_OscConfig
                0x08000d0c      0x618 Drivers/STM32F3xx_HAL_Driver/Src/stm32f3xx_hal_rcc.o
                0x08000d0c                HAL_RCC_OscConfig
 .text.HAL_RCC_GetSysClockFreq
                0x08001324       0x70 Drivers/STM32F3xx_HAL_Driver/Src/stm32f3xx_hal_rcc.o
                0x08001324                HAL_RCC_GetSysClockFreq
 .text.HAL_RCC_ClockConfig
                0x08001394      0x1a0 Drivers/STM32F3xx_HAL_Driver/Src/stm32f3xx_hal_rcc.o
                0x08001394                HAL_RCC_ClockConfig
 .text.HAL_RCC_GetHCLKFreq
                0x08001534        0xc Drivers/STM32F3xx_HAL_Driver/Src/stm32f3xx_hal_rcc.o
                0x08001534                HAL_RCC_GetHCLKFreq
 .text.HAL_RCC_GetPCLK1Freq
                0x08001540       0x2c Drivers/STM32F3xx_HAL_Driver/Src/stm32f3xx_hal_rcc.o
                0x08001540                HAL_RCC_GetPCLK1Freq
 .text.HAL_RCC_GetPCLK2Freq
                0x0800156c       0x2c Drivers/STM32F3xx_HAL_Driver/Src/stm32f3xx_hal_rcc.o
                0x0800156c                HAL_RCC_GetPCLK2Freq
 .text.HAL_RCC_GetClockConfig
                0x08001598       0x3c Drivers/STM32F3xx_HAL_Driver/Src/stm32f3xx_hal_rcc.o
                0x08001598                HAL_RCC_GetClockConfig
 .text.HAL_RCCEx_PeriphCLKConfig
                0x080015d4      0x268 Drivers/STM32F3xx_HAL_Driver/Src/stm32f3xx_hal_rcc_ex.o
                0x080015d4                HAL_RCCEx_PeriphCLKConfig
 .text.HAL_SPI_Init
                0x0800183c       0xba Drivers/STM32F3xx_HAL_Driver/Src/stm32f3xx_hal_spi.o
                0x0800183c                HAL_SPI_Init
 .text.HAL_TIM_Base_MspInit
                0x080018f6        0x2 Drivers/STM32F3xx_HAL_Driver/Src/stm32f3xx_hal_tim.o
                0x080018f6                HAL_TIM_Base_MspInit
 .text.HAL_TIM_Base_Start_IT
                0x080018f8       0x18 Drivers/STM32F3xx_HAL_Driver/Src/stm32f3xx_hal_tim.o
                0x080018f8                HAL_TIM_Base_Start_IT
 .text.HAL_TIM_OC_DelayElapsedCallback
                0x08001910        0x2 Drivers/STM32F3xx_HAL_Driver/Src/stm32f3xx_hal_tim.o
                0x08001910                HAL_TIM_OC_DelayElapsedCallback
 .text.HAL_TIM_IC_CaptureCallback
                0x08001912        0x2 Drivers/STM32F3xx_HAL_Driver/Src/stm32f3xx_hal_tim.o
                0x08001912                HAL_TIM_IC_CaptureCallback
 .text.HAL_TIM_PWM_PulseFinishedCallback
                0x08001914        0x2 Drivers/STM32F3xx_HAL_Driver/Src/stm32f3xx_hal_tim.o
                0x08001914                HAL_TIM_PWM_PulseFinishedCallback
 .text.HAL_TIM_TriggerCallback
                0x08001916        0x2 Drivers/STM32F3xx_HAL_Driver/Src/stm32f3xx_hal_tim.o
                0x08001916                HAL_TIM_TriggerCallback
 .text.HAL_TIM_IRQHandler
                0x08001918      0x19a Drivers/STM32F3xx_HAL_Driver/Src/stm32f3xx_hal_tim.o
                0x08001918                HAL_TIM_IRQHandler
 *fill*         0x08001ab2        0x2 
 .text.TIM_Base_SetConfig
                0x08001ab4       0xb8 Drivers/STM32F3xx_HAL_Driver/Src/stm32f3xx_hal_tim.o
                0x08001ab4                TIM_Base_SetConfig
 .text.HAL_TIM_Base_Init
                0x08001b6c       0x32 Drivers/STM32F3xx_HAL_Driver/Src/stm32f3xx_hal_tim.o
                0x08001b6c                HAL_TIM_Base_Init
 .text.HAL_TIMEx_CommutationCallback
                0x08001b9e        0x2 Drivers/STM32F3xx_HAL_Driver/Src/stm32f3xx_hal_tim_ex.o
                0x08001b9e                HAL_TIMEx_CommutationCallback
 .text.HAL_TIMEx_BreakCallback
                0x08001ba0        0x2 Drivers/STM32F3xx_HAL_Driver/Src/stm32f3xx_hal_tim_ex.o
                0x08001ba0                HAL_TIMEx_BreakCallback
 .text.HAL_TIMEx_Break2Callback
                0x08001ba2        0x2 Drivers/STM32F3xx_HAL_Driver/Src/stm32f3xx_hal_tim_ex.o
                0x08001ba2                HAL_TIMEx_Break2Callback
 .text.UART_EndRxTransfer
                0x08001ba4       0x1c Drivers/STM32F3xx_HAL_Driver/Src/stm32f3xx_hal_uart.o
 .text.HAL_UART_Receive_IT
                0x08001bc0       0x92 Drivers/STM32F3xx_HAL_Driver/Src/stm32f3xx_hal_uart.o
                0x08001bc0                HAL_UART_Receive_IT
 .text.HAL_UART_TxCpltCallback
                0x08001c52        0x2 Drivers/STM32F3xx_HAL_Driver/Src/stm32f3xx_hal_uart.o
                0x08001c52                HAL_UART_TxCpltCallback
 .text.HAL_UART_ErrorCallback
                0x08001c54        0x2 Drivers/STM32F3xx_HAL_Driver/Src/stm32f3xx_hal_uart.o
                0x08001c54                HAL_UART_ErrorCallback
 .text.UART_DMAAbortOnError
                0x08001c56       0x14 Drivers/STM32F3xx_HAL_Driver/Src/stm32f3xx_hal_uart.o
 *fill*         0x08001c6a        0x2 
 .text.UART_SetConfig
                0x08001c6c      0x2a0 Drivers/STM32F3xx_HAL_Driver/Src/stm32f3xx_hal_uart.o
                0x08001c6c                UART_SetConfig
 .text.UART_AdvFeatureConfig
                0x08001f0c       0xca Drivers/STM32F3xx_HAL_Driver/Src/stm32f3xx_hal_uart.o
                0x08001f0c                UART_AdvFeatureConfig
 .text.UART_WaitOnFlagUntilTimeout
                0x08001fd6       0x62 Drivers/STM32F3xx_HAL_Driver/Src/stm32f3xx_hal_uart.o
                0x08001fd6                UART_WaitOnFlagUntilTimeout
 .text.HAL_UART_Transmit
                0x08002038       0xce Drivers/STM32F3xx_HAL_Driver/Src/stm32f3xx_hal_uart.o
                0x08002038                HAL_UART_Transmit
 .text.UART_CheckIdleState
                0x08002106       0x70 Drivers/STM32F3xx_HAL_Driver/Src/stm32f3xx_hal_uart.o
                0x08002106                UART_CheckIdleState
 .text.HAL_UART_Init
                0x08002176       0x66 Drivers/STM32F3xx_HAL_Driver/Src/stm32f3xx_hal_uart.o
                0x08002176                HAL_UART_Init
 .text.UART_Transmit_IT
                0x080021dc       0x6c Drivers/STM32F3xx_HAL_Driver/Src/stm32f3xx_hal_uart.o
                0x080021dc                UART_Transmit_IT
 .text.UART_EndTransmit_IT
                0x08002248       0x1a Drivers/STM32F3xx_HAL_Driver/Src/stm32f3xx_hal_uart.o
                0x08002248                UART_EndTransmit_IT
 .text.UART_Receive_IT
                0x08002262       0x80 Drivers/STM32F3xx_HAL_Driver/Src/stm32f3xx_hal_uart.o
                0x08002262                UART_Receive_IT
 *fill*         0x080022e2        0x2 
 .text.HAL_UART_IRQHandler
                0x080022e4      0x15c Drivers/STM32F3xx_HAL_Driver/Src/stm32f3xx_hal_uart.o
                0x080022e4                HAL_UART_IRQHandler
 .text.HAL_UARTEx_WakeupCallback
                0x08002440        0x2 Drivers/STM32F3xx_HAL_Driver/Src/stm32f3xx_hal_uart_ex.o
                0x08002440                HAL_UARTEx_WakeupCallback
 .text.makeFreeRtosPriority
                0x08002442        0xc Middlewares/Third_Party/FreeRTOS/Source/CMSIS_RTOS/cmsis_os.o
 .text.osKernelStart
                0x0800244e        0xa Middlewares/Third_Party/FreeRTOS/Source/CMSIS_RTOS/cmsis_os.o
                0x0800244e                osKernelStart
 .text.osThreadCreate
                0x08002458       0x34 Middlewares/Third_Party/FreeRTOS/Source/CMSIS_RTOS/cmsis_os.o
                0x08002458                osThreadCreate
 .text.osDelay  0x0800248c       0x12 Middlewares/Third_Party/FreeRTOS/Source/CMSIS_RTOS/cmsis_os.o
                0x0800248c                osDelay
 .text.osSystickHandler
                0x0800249e       0x10 Middlewares/Third_Party/FreeRTOS/Source/CMSIS_RTOS/cmsis_os.o
                0x0800249e                osSystickHandler
 .text.vListInitialise
                0x080024ae       0x16 Middlewares/Third_Party/FreeRTOS/Source/list.o
                0x080024ae                vListInitialise
 .text.vListInitialiseItem
                0x080024c4        0x6 Middlewares/Third_Party/FreeRTOS/Source/list.o
                0x080024c4                vListInitialiseItem
 .text.vListInsertEnd
                0x080024ca       0x18 Middlewares/Third_Party/FreeRTOS/Source/list.o
                0x080024ca                vListInsertEnd
 .text.vListInsert
                0x080024e2       0x34 Middlewares/Third_Party/FreeRTOS/Source/list.o
                0x080024e2                vListInsert
 .text.uxListRemove
                0x08002516       0x26 Middlewares/Third_Party/FreeRTOS/Source/list.o
                0x08002516                uxListRemove
 .text.prvIsQueueFull
                0x0800253c       0x1e Middlewares/Third_Party/FreeRTOS/Source/queue.o
 .text.prvIsQueueEmpty
                0x0800255a       0x1a Middlewares/Third_Party/FreeRTOS/Source/queue.o
 .text.prvCopyDataToQueue
                0x08002574       0x76 Middlewares/Third_Party/FreeRTOS/Source/queue.o
 .text.prvCopyDataFromQueue
                0x080025ea       0x24 Middlewares/Third_Party/FreeRTOS/Source/queue.o
 .text.prvUnlockQueue
                0x0800260e       0x6e Middlewares/Third_Party/FreeRTOS/Source/queue.o
 .text.xQueueGenericReset
                0x0800267c       0x84 Middlewares/Third_Party/FreeRTOS/Source/queue.o
                0x0800267c                xQueueGenericReset
 .text.prvInitialiseNewQueue
                0x08002700       0x1c Middlewares/Third_Party/FreeRTOS/Source/queue.o
 .text.xQueueGenericCreate
                0x0800271c       0x48 Middlewares/Third_Party/FreeRTOS/Source/queue.o
                0x0800271c                xQueueGenericCreate
 .text.xQueueGenericSend
                0x08002764      0x17c Middlewares/Third_Party/FreeRTOS/Source/queue.o
                0x08002764                xQueueGenericSend
 .text.xQueueGenericSendFromISR
                0x080028e0       0xcc Middlewares/Third_Party/FreeRTOS/Source/queue.o
                0x080028e0                xQueueGenericSendFromISR
 .text.xQueueGenericReceive
                0x080029ac      0x1a4 Middlewares/Third_Party/FreeRTOS/Source/queue.o
                0x080029ac                xQueueGenericReceive
 .text.vQueueAddToRegistry
                0x08002b50       0x28 Middlewares/Third_Party/FreeRTOS/Source/queue.o
                0x08002b50                vQueueAddToRegistry
 .text.vQueueWaitForMessageRestricted
                0x08002b78       0x52 Middlewares/Third_Party/FreeRTOS/Source/queue.o
                0x08002b78                vQueueWaitForMessageRestricted
 *fill*         0x08002bca        0x2 
 .text.prvResetNextTaskUnblockTime
                0x08002bcc       0x24 Middlewares/Third_Party/FreeRTOS/Source/tasks.o
 .text.prvDeleteTCB
                0x08002bf0       0x12 Middlewares/Third_Party/FreeRTOS/Source/tasks.o
 .text.prvInitialiseNewTask
                0x08002c02       0x80 Middlewares/Third_Party/FreeRTOS/Source/tasks.o
 *fill*         0x08002c82        0x2 
 .text.prvInitialiseTaskLists
                0x08002c84       0x58 Middlewares/Third_Party/FreeRTOS/Source/tasks.o
 .text.prvAddNewTaskToReadyList
                0x08002cdc       0xac Middlewares/Third_Party/FreeRTOS/Source/tasks.o
 .text.prvAddCurrentTaskToDelayedList
                0x08002d88       0x88 Middlewares/Third_Party/FreeRTOS/Source/tasks.o
 .text.xTaskCreate
                0x08002e10       0x62 Middlewares/Third_Party/FreeRTOS/Source/tasks.o
                0x08002e10                xTaskCreate
 *fill*         0x08002e72        0x2 
 .text.vTaskStartScheduler
                0x08002e74       0x7c Middlewares/Third_Party/FreeRTOS/Source/tasks.o
                0x08002e74                vTaskStartScheduler
 .text.vTaskSuspendAll
                0x08002ef0       0x14 Middlewares/Third_Party/FreeRTOS/Source/tasks.o
                0x08002ef0                vTaskSuspendAll
 .text.xTaskGetTickCount
                0x08002f04        0xc Middlewares/Third_Party/FreeRTOS/Source/tasks.o
                0x08002f04                xTaskGetTickCount
 .text.xTaskIncrementTick
                0x08002f10      0x10c Middlewares/Third_Party/FreeRTOS/Source/tasks.o
                0x08002f10                xTaskIncrementTick
 .text.xTaskResumeAll
                0x0800301c       0xf0 Middlewares/Third_Party/FreeRTOS/Source/tasks.o
                0x0800301c                xTaskResumeAll
 .text.vTaskDelay
                0x0800310c       0x4c Middlewares/Third_Party/FreeRTOS/Source/tasks.o
                0x0800310c                vTaskDelay
 .text.prvCheckTasksWaitingTermination
                0x08003158       0x54 Middlewares/Third_Party/FreeRTOS/Source/tasks.o
 .text.prvIdleTask
                0x080031ac       0x28 Middlewares/Third_Party/FreeRTOS/Source/tasks.o
 .text.vTaskSwitchContext
                0x080031d4       0x90 Middlewares/Third_Party/FreeRTOS/Source/tasks.o
                0x080031d4                vTaskSwitchContext
 .text.vTaskPlaceOnEventList
                0x08003264       0x34 Middlewares/Third_Party/FreeRTOS/Source/tasks.o
                0x08003264                vTaskPlaceOnEventList
 .text.vTaskPlaceOnEventListRestricted
                0x08003298       0x3c Middlewares/Third_Party/FreeRTOS/Source/tasks.o
                0x08003298                vTaskPlaceOnEventListRestricted
 .text.xTaskRemoveFromEventList
                0x080032d4       0x84 Middlewares/Third_Party/FreeRTOS/Source/tasks.o
                0x080032d4                xTaskRemoveFromEventList
 .text.vTaskSetTimeOutState
                0x08003358       0x28 Middlewares/Third_Party/FreeRTOS/Source/tasks.o
                0x08003358                vTaskSetTimeOutState
 .text.xTaskCheckForTimeOut
                0x08003380       0x80 Middlewares/Third_Party/FreeRTOS/Source/tasks.o
                0x08003380                xTaskCheckForTimeOut
 .text.vTaskMissedYield
                0x08003400       0x10 Middlewares/Third_Party/FreeRTOS/Source/tasks.o
                0x08003400                vTaskMissedYield
 .text.xTaskGetSchedulerState
                0x08003410       0x20 Middlewares/Third_Party/FreeRTOS/Source/tasks.o
                0x08003410                xTaskGetSchedulerState
 .text.vTaskPriorityInherit
                0x08003430       0xac Middlewares/Third_Party/FreeRTOS/Source/tasks.o
                0x08003430                vTaskPriorityInherit
 .text.xTaskPriorityDisinherit
                0x080034dc       0xb0 Middlewares/Third_Party/FreeRTOS/Source/tasks.o
                0x080034dc                xTaskPriorityDisinherit
 .text.pvTaskIncrementMutexHeldCount
                0x0800358c       0x20 Middlewares/Third_Party/FreeRTOS/Source/tasks.o
                0x0800358c                pvTaskIncrementMutexHeldCount
 .text.prvGetNextExpireTime
                0x080035ac       0x20 Middlewares/Third_Party/FreeRTOS/Source/timers.o
 .text.prvInsertTimerInActiveList
                0x080035cc       0x44 Middlewares/Third_Party/FreeRTOS/Source/timers.o
 .text.prvCheckForValidListAndQueue
                0x08003610       0x4c Middlewares/Third_Party/FreeRTOS/Source/timers.o
 .text.xTimerCreateTimerTask
                0x0800365c       0x50 Middlewares/Third_Party/FreeRTOS/Source/timers.o
                0x0800365c                xTimerCreateTimerTask
 .text.xTimerGenericCommand
                0x080036ac       0x6c Middlewares/Third_Party/FreeRTOS/Source/timers.o
                0x080036ac                xTimerGenericCommand
 .text.prvSwitchTimerLists
                0x08003718       0x88 Middlewares/Third_Party/FreeRTOS/Source/timers.o
 .text.prvSampleTimeNow
                0x080037a0       0x2c Middlewares/Third_Party/FreeRTOS/Source/timers.o
 .text.prvProcessExpiredTimer
                0x080037cc       0x60 Middlewares/Third_Party/FreeRTOS/Source/timers.o
 .text.prvProcessTimerOrBlockTask
                0x0800382c       0x70 Middlewares/Third_Party/FreeRTOS/Source/timers.o
 .text.prvProcessReceivedCommands
                0x0800389c       0xe4 Middlewares/Third_Party/FreeRTOS/Source/timers.o
 .text.prvTimerTask
                0x08003980       0x16 Middlewares/Third_Party/FreeRTOS/Source/timers.o
 *fill*         0x08003996        0x2 
 .text.prvTaskExitError
                0x08003998       0x34 Middlewares/Third_Party/FreeRTOS/Source/portable/GCC/ARM_CM4F/port.o
 .text.prvPortStartFirstTask
                0x080039cc       0x20 Middlewares/Third_Party/FreeRTOS/Source/portable/GCC/ARM_CM4F/port.o
 .text.vPortEnableVFP
                0x080039ec       0x14 Middlewares/Third_Party/FreeRTOS/Source/portable/GCC/ARM_CM4F/port.o
 .text.pxPortInitialiseStack
                0x08003a00       0x2c Middlewares/Third_Party/FreeRTOS/Source/portable/GCC/ARM_CM4F/port.o
                0x08003a00                pxPortInitialiseStack
 *fill*         0x08003a2c        0x4 
 .text.SVC_Handler
                0x08003a30       0x24 Middlewares/Third_Party/FreeRTOS/Source/portable/GCC/ARM_CM4F/port.o
                0x08003a30                SVC_Handler
 .text.vPortEnterCritical
                0x08003a54       0x44 Middlewares/Third_Party/FreeRTOS/Source/portable/GCC/ARM_CM4F/port.o
                0x08003a54                vPortEnterCritical
 .text.vPortExitCritical
                0x08003a98       0x2c Middlewares/Third_Party/FreeRTOS/Source/portable/GCC/ARM_CM4F/port.o
                0x08003a98                vPortExitCritical
 *fill*         0x08003ac4        0xc 
 .text.PendSV_Handler
                0x08003ad0       0x64 Middlewares/Third_Party/FreeRTOS/Source/portable/GCC/ARM_CM4F/port.o
                0x08003ad0                PendSV_Handler
 .text.xPortSysTickHandler
                0x08003b34       0x2c Middlewares/Third_Party/FreeRTOS/Source/portable/GCC/ARM_CM4F/port.o
                0x08003b34                xPortSysTickHandler
 .text.vPortSetupTimerInterrupt
                0x08003b60       0x2c Middlewares/Third_Party/FreeRTOS/Source/portable/GCC/ARM_CM4F/port.o
                0x08003b60                vPortSetupTimerInterrupt
 .text.xPortStartScheduler
                0x08003b8c       0xe8 Middlewares/Third_Party/FreeRTOS/Source/portable/GCC/ARM_CM4F/port.o
                0x08003b8c                xPortStartScheduler
 .text.vPortValidateInterruptPriority
                0x08003c74       0x58 Middlewares/Third_Party/FreeRTOS/Source/portable/GCC/ARM_CM4F/port.o
                0x08003c74                vPortValidateInterruptPriority
 .text.prvHeapInit
                0x08003ccc       0x4c Middlewares/Third_Party/FreeRTOS/Source/portable/MemMang/heap_4.o
 .text.prvInsertBlockIntoFreeList
                0x08003d18       0x54 Middlewares/Third_Party/FreeRTOS/Source/portable/MemMang/heap_4.o
 .text.pvPortMalloc
                0x08003d6c       0xf4 Middlewares/Third_Party/FreeRTOS/Source/portable/MemMang/heap_4.o
                0x08003d6c                pvPortMalloc
 .text.vPortFree
                0x08003e60       0x6c Middlewares/Third_Party/FreeRTOS/Source/portable/MemMang/heap_4.o
                0x08003e60                vPortFree
 .text.MX_ADC1_Init
                0x08003ecc       0x8c Src/adc.o
                0x08003ecc                MX_ADC1_Init
 .text.HAL_ADC_MspInit
                0x08003f58       0x44 Src/adc.o
                0x08003f58                HAL_ADC_MspInit
 .text.StartDefaultTask
                0x08003f9c       0x1c Src/freertos.o
                0x08003f9c                StartDefaultTask
 .text.CmdProcessorTask
                0x08003fb8       0x5c Src/freertos.o
                0x08003fb8                CmdProcessorTask
 .text.MX_FREERTOS_Init
                0x08004014       0x48 Src/freertos.o
                0x08004014                MX_FREERTOS_Init
 .text.MX_GPIO_Init
                0x0800405c      0x184 Src/gpio.o
                0x0800405c                MX_GPIO_Init
 .text.HAL_TIM_PeriodElapsedCallback
                0x080041e0       0x12 Src/main.o
                0x080041e0                HAL_TIM_PeriodElapsedCallback
 .text._Error_Handler
                0x080041f2        0x2 Src/main.o
                0x080041f2                _Error_Handler
 .text.SystemClock_Config
                0x080041f4       0x94 Src/main.o
                0x080041f4                SystemClock_Config
 .text.main     0x08004288       0x5c Src/main.o
                0x08004288                main
 .text.HAL_UART_RxCpltCallback
                0x080042e4       0x34 Src/main.o
                0x080042e4                HAL_UART_RxCpltCallback
 .text.rb_init  0x08004318       0x26 Src/ringbuffer.o
                0x08004318                rb_init
 .text.rb_isempty
                0x0800433e        0xe Src/ringbuffer.o
                0x0800433e                rb_isempty
 .text.rb_get   0x0800434c       0x28 Src/ringbuffer.o
                0x0800434c                rb_get
 .text.rb_put   0x08004374       0x28 Src/ringbuffer.o
                0x08004374                rb_put
 .text.MX_SPI1_Init
                0x0800439c       0x54 Src/spi.o
                0x0800439c                MX_SPI1_Init
 .text.MX_SPI3_Init
                0x080043f0       0x54 Src/spi.o
                0x080043f0                MX_SPI3_Init
 .text.HAL_SPI_MspInit
                0x08004444       0xa8 Src/spi.o
                0x08004444                HAL_SPI_MspInit
 .text.HAL_MspInit
                0x080044ec       0x90 Src/stm32f3xx_hal_msp.o
                0x080044ec                HAL_MspInit
 .text.HAL_InitTick
                0x0800457c       0x78 Src/stm32f3xx_hal_timebase_TIM.o
                0x0800457c                HAL_InitTick
 .text.NMI_Handler
                0x080045f4        0x2 Src/stm32f3xx_it.o
                0x080045f4                NMI_Handler
 .text.HardFault_Handler
                0x080045f6        0x2 Src/stm32f3xx_it.o
                0x080045f6                HardFault_Handler
 .text.MemManage_Handler
                0x080045f8        0x2 Src/stm32f3xx_it.o
                0x080045f8                MemManage_Handler
 .text.BusFault_Handler
                0x080045fa        0x2 Src/stm32f3xx_it.o
                0x080045fa                BusFault_Handler
 .text.UsageFault_Handler
                0x080045fc        0x2 Src/stm32f3xx_it.o
                0x080045fc                UsageFault_Handler
 .text.DebugMon_Handler
                0x080045fe        0x2 Src/stm32f3xx_it.o
                0x080045fe                DebugMon_Handler
 .text.SysTick_Handler
                0x08004600        0x8 Src/stm32f3xx_it.o
                0x08004600                SysTick_Handler
 .text.TIM2_IRQHandler
                0x08004608       0x10 Src/stm32f3xx_it.o
                0x08004608                TIM2_IRQHandler
 .text.USART1_IRQHandler
                0x08004618       0x10 Src/stm32f3xx_it.o
                0x08004618                USART1_IRQHandler
 .text.SystemInit
                0x08004628       0x68 Src/system_stm32f3xx.o
                0x08004628                SystemInit
 .text.MX_USART1_UART_Init
                0x08004690       0x40 Src/usart.o
                0x08004690                MX_USART1_UART_Init
 .text.HAL_UART_MspInit
                0x080046d0       0x5c Src/usart.o
                0x080046d0                HAL_UART_MspInit
 .text.Reset_Handler
                0x0800472c       0x50 startup/startup_stm32f303xc.o
                0x0800472c                Reset_Handler
 .text.Default_Handler
                0x0800477c        0x2 startup/startup_stm32f303xc.o
                0x0800477c                RTC_Alarm_IRQHandler
                0x0800477c                TIM8_TRG_COM_IRQHandler
                0x0800477c                TIM8_CC_IRQHandler
                0x0800477c                TIM1_CC_IRQHandler
                0x0800477c                USB_HP_IRQHandler
                0x0800477c                PVD_IRQHandler
                0x0800477c                TAMP_STAMP_IRQHandler
                0x0800477c                EXTI3_IRQHandler
                0x0800477c                USB_HP_CAN_TX_IRQHandler
                0x0800477c                EXTI0_IRQHandler
                0x0800477c                I2C2_EV_IRQHandler
                0x0800477c                FPU_IRQHandler
                0x0800477c                TIM1_UP_TIM16_IRQHandler
                0x0800477c                ADC1_2_IRQHandler
                0x0800477c                SPI1_IRQHandler
                0x0800477c                CAN_SCE_IRQHandler
                0x0800477c                TIM6_DAC_IRQHandler
                0x0800477c                TIM8_UP_IRQHandler
                0x0800477c                DMA2_Channel2_IRQHandler
                0x0800477c                DMA1_Channel4_IRQHandler
                0x0800477c                USART3_IRQHandler
                0x0800477c                DMA1_Channel7_IRQHandler
                0x0800477c                UART5_IRQHandler
                0x0800477c                ADC3_IRQHandler
                0x0800477c                TIM4_IRQHandler
                0x0800477c                CAN_RX1_IRQHandler
                0x0800477c                DMA2_Channel1_IRQHandler
                0x0800477c                I2C1_EV_IRQHandler
                0x0800477c                DMA1_Channel6_IRQHandler
                0x0800477c                UART4_IRQHandler
                0x0800477c                DMA2_Channel4_IRQHandler
                0x0800477c                TIM3_IRQHandler
                0x0800477c                RCC_IRQHandler
                0x0800477c                DMA1_Channel1_IRQHandler
                0x0800477c                Default_Handler
                0x0800477c                USBWakeUp_RMP_IRQHandler
                0x0800477c                EXTI15_10_IRQHandler
                0x0800477c                TIM7_IRQHandler
                0x0800477c                EXTI9_5_IRQHandler
                0x0800477c                RTC_WKUP_IRQHandler
                0x0800477c                SPI2_IRQHandler
                0x0800477c                USB_LP_CAN_RX0_IRQHandler
                0x0800477c                DMA2_Channel5_IRQHandler
                0x0800477c                DMA1_Channel5_IRQHandler
                0x0800477c                USB_LP_IRQHandler
                0x0800477c                EXTI4_IRQHandler
                0x0800477c                TIM1_TRG_COM_TIM17_IRQHandler
                0x0800477c                DMA1_Channel3_IRQHandler
                0x0800477c                ADC4_IRQHandler
                0x0800477c                WWDG_IRQHandler
                0x0800477c                COMP7_IRQHandler
                0x0800477c                COMP1_2_3_IRQHandler
                0x0800477c                EXTI1_IRQHandler
                0x0800477c                USART2_IRQHandler
                0x0800477c                COMP4_5_6_IRQHandler
                0x0800477c                I2C2_ER_IRQHandler
                0x0800477c                DMA1_Channel2_IRQHandler
                0x0800477c                TIM8_BRK_IRQHandler
                0x0800477c                FLASH_IRQHandler
                0x0800477c                SPI3_IRQHandler
                0x0800477c                I2C1_ER_IRQHandler
                0x0800477c                USBWakeUp_IRQHandler
                0x0800477c                DMA2_Channel3_IRQHandler
                0x0800477c                EXTI2_TSC_IRQHandler
                0x0800477c                TIM1_BRK_TIM15_IRQHandler
 *fill*         0x0800477e        0x2 
 .text.__libc_init_array
                0x08004780       0x48 c:/ac6/systemworkbench/plugins/fr.ac6.mcu.externaltools.arm-none.win32_1.16.0.201807130628/tools/compiler/bin/../lib/gcc/arm-none-eabi/7.2.1/../../../../arm-none-eabi/lib/thumb/v7e-m/fpv4-sp/hard\libc_nano.a(lib_a-init.o)
                0x08004780                __libc_init_array
 .text.memcpy   0x080047c8       0x16 c:/ac6/systemworkbench/plugins/fr.ac6.mcu.externaltools.arm-none.win32_1.16.0.201807130628/tools/compiler/bin/../lib/gcc/arm-none-eabi/7.2.1/../../../../arm-none-eabi/lib/thumb/v7e-m/fpv4-sp/hard\libc_nano.a(lib_a-memcpy-stub.o)
                0x080047c8                memcpy
 *(.glue_7)
 .glue_7        0x080047de        0x0 linker stubs
 *(.glue_7t)
 .glue_7t       0x080047de        0x0 linker stubs
 *(.eh_frame)
 *fill*         0x080047de        0x2 
 .eh_frame      0x080047e0        0x0 c:/ac6/systemworkbench/plugins/fr.ac6.mcu.externaltools.arm-none.win32_1.16.0.201807130628/tools/compiler/bin/../lib/gcc/arm-none-eabi/7.2.1/thumb/v7e-m/fpv4-sp/hard/crtbegin.o
 *(.init)
 .init          0x080047e0        0x4 c:/ac6/systemworkbench/plugins/fr.ac6.mcu.externaltools.arm-none.win32_1.16.0.201807130628/tools/compiler/bin/../lib/gcc/arm-none-eabi/7.2.1/thumb/v7e-m/fpv4-sp/hard/crti.o
                0x080047e0                _init
 .init          0x080047e4        0x8 c:/ac6/systemworkbench/plugins/fr.ac6.mcu.externaltools.arm-none.win32_1.16.0.201807130628/tools/compiler/bin/../lib/gcc/arm-none-eabi/7.2.1/thumb/v7e-m/fpv4-sp/hard/crtn.o
 *(.fini)
 .fini          0x080047ec        0x4 c:/ac6/systemworkbench/plugins/fr.ac6.mcu.externaltools.arm-none.win32_1.16.0.201807130628/tools/compiler/bin/../lib/gcc/arm-none-eabi/7.2.1/thumb/v7e-m/fpv4-sp/hard/crti.o
                0x080047ec                _fini
 .fini          0x080047f0        0x8 c:/ac6/systemworkbench/plugins/fr.ac6.mcu.externaltools.arm-none.win32_1.16.0.201807130628/tools/compiler/bin/../lib/gcc/arm-none-eabi/7.2.1/thumb/v7e-m/fpv4-sp/hard/crtn.o
                0x080047f8                . = ALIGN (0x4)
                0x080047f8                _etext = .

.vfp11_veneer   0x080047f8        0x0
 .vfp11_veneer  0x080047f8        0x0 linker stubs

.v4_bx          0x080047f8        0x0
 .v4_bx         0x080047f8        0x0 linker stubs

.iplt           0x080047f8        0x0
 .iplt          0x080047f8        0x0 c:/ac6/systemworkbench/plugins/fr.ac6.mcu.externaltools.arm-none.win32_1.16.0.201807130628/tools/compiler/bin/../lib/gcc/arm-none-eabi/7.2.1/thumb/v7e-m/fpv4-sp/hard/crtbegin.o

.rodata         0x080047f8       0xdc
                0x080047f8                . = ALIGN (0x4)
 *(.rodata)
 .rodata        0x080047f8       0x20 Drivers/STM32F3xx_HAL_Driver/Src/stm32f3xx_hal_rcc.o
                0x080047f8                aPLLMULFactorTable
                0x08004808                aPredivFactorTable
 .rodata        0x08004818       0x28 Src/freertos.o
 .rodata        0x08004840       0x18 Src/system_stm32f3xx.o
                0x08004840                AHBPrescTable
                0x08004850                APBPrescTable
 *(.rodata*)
 .rodata.str1.4
                0x08004858        0x5 Middlewares/Third_Party/FreeRTOS/Source/tasks.o
 *fill*         0x0800485d        0x3 
 .rodata.str1.4
                0x08004860       0x10 Middlewares/Third_Party/FreeRTOS/Source/timers.o
 .rodata.str1.4
                0x08004870        0xd Src/adc.o
 *fill*         0x0800487d        0x3 
 .rodata.str1.4
                0x08004880       0x24 Src/freertos.o
 .rodata.str1.4
                0x080048a4        0xe Src/main.o
 *fill*         0x080048b2        0x2 
 .rodata.str1.4
                0x080048b4        0xd Src/spi.o
 *fill*         0x080048c1        0x3 
 .rodata.str1.4
                0x080048c4       0x10 Src/usart.o
                                  0xf (size before relaxing)
                0x080048d4                . = ALIGN (0x4)

.rel.dyn        0x080048d4        0x0
 .rel.iplt      0x080048d4        0x0 c:/ac6/systemworkbench/plugins/fr.ac6.mcu.externaltools.arm-none.win32_1.16.0.201807130628/tools/compiler/bin/../lib/gcc/arm-none-eabi/7.2.1/thumb/v7e-m/fpv4-sp/hard/crtbegin.o

.ARM.extab
 *(.ARM.extab* .gnu.linkonce.armextab.*)

.ARM            0x080048d4        0x0
                0x080048d4                __exidx_start = .
 *(.ARM.exidx*)
                0x080048d4                __exidx_end = .

.preinit_array  0x080048d4        0x0
                0x080048d4                PROVIDE (__preinit_array_start, .)
 *(.preinit_array*)
                0x080048d4                PROVIDE (__preinit_array_end, .)

.init_array     0x080048d4        0x4
                0x080048d4                PROVIDE (__init_array_start, .)
 *(SORT_BY_NAME(.init_array.*))
 *(.init_array*)
 .init_array    0x080048d4        0x4 c:/ac6/systemworkbench/plugins/fr.ac6.mcu.externaltools.arm-none.win32_1.16.0.201807130628/tools/compiler/bin/../lib/gcc/arm-none-eabi/7.2.1/thumb/v7e-m/fpv4-sp/hard/crtbegin.o
                0x080048d8                PROVIDE (__init_array_end, .)

.fini_array     0x080048d8        0x4
                [!provide]                PROVIDE (__fini_array_start, .)
 *(SORT_BY_NAME(.fini_array.*))
 *(.fini_array*)
 .fini_array    0x080048d8        0x4 c:/ac6/systemworkbench/plugins/fr.ac6.mcu.externaltools.arm-none.win32_1.16.0.201807130628/tools/compiler/bin/../lib/gcc/arm-none-eabi/7.2.1/thumb/v7e-m/fpv4-sp/hard/crtbegin.o
                [!provide]                PROVIDE (__fini_array_end, .)
                0x080048dc                _sidata = LOADADDR (.data)

.data           0x20000000       0x10 load address 0x080048dc
                0x20000000                . = ALIGN (0x4)
                0x20000000                _sdata = .
 *(.data)
 .data          0x20000000        0x8 Drivers/STM32F3xx_HAL_Driver/Src/stm32f3xx_hal.o
                0x20000000                uwTickFreq
                0x20000004                uwTickPrio
 .data          0x20000008        0x4 Middlewares/Third_Party/FreeRTOS/Source/portable/GCC/ARM_CM4F/port.o
 .data          0x2000000c        0x4 Src/system_stm32f3xx.o
                0x2000000c                SystemCoreClock
 *(.data*)
                0x20000010                . = ALIGN (0x4)
                0x20000010                _edata = .
                0x080048ec                _siccmram = LOADADDR (.ccmram)

.igot.plt       0x20000010        0x0 load address 0x080048ec
 .igot.plt      0x20000010        0x0 c:/ac6/systemworkbench/plugins/fr.ac6.mcu.externaltools.arm-none.win32_1.16.0.201807130628/tools/compiler/bin/../lib/gcc/arm-none-eabi/7.2.1/thumb/v7e-m/fpv4-sp/hard/crtbegin.o

.ccmram         0x10000000        0x0 load address 0x080048ec
                0x10000000                . = ALIGN (0x4)
                0x10000000                _sccmram = .
 *(.ccmram)
 *(.ccmram*)
                0x10000000                . = ALIGN (0x4)
                0x10000000                _eccmram = .
                0x10000000                . = ALIGN (0x4)

.bss            0x20000010     0x144c
                0x20000010                _sbss = .
                0x20000010                __bss_start__ = _sbss
 *(.bss)
 .bss           0x20000010       0x1c c:/ac6/systemworkbench/plugins/fr.ac6.mcu.externaltools.arm-none.win32_1.16.0.201807130628/tools/compiler/bin/../lib/gcc/arm-none-eabi/7.2.1/thumb/v7e-m/fpv4-sp/hard/crtbegin.o
 .bss           0x2000002c      0x12c Middlewares/Third_Party/FreeRTOS/Source/tasks.o
                0x2000012c                pxCurrentTCB
 .bss           0x20000158       0x3c Middlewares/Third_Party/FreeRTOS/Source/timers.o
 .bss           0x20000194        0x8 Middlewares/Third_Party/FreeRTOS/Source/portable/GCC/ARM_CM4F/port.o
 .bss           0x2000019c     0x1018 Middlewares/Third_Party/FreeRTOS/Source/portable/MemMang/heap_4.o
 *(.bss*)
 *(COMMON)
 COMMON         0x200011b4        0x4 Drivers/STM32F3xx_HAL_Driver/Src/stm32f3xx_hal.o
                0x200011b4                uwTick
 COMMON         0x200011b8       0x40 Middlewares/Third_Party/FreeRTOS/Source/queue.o
                0x200011b8                xQueueRegistry
 COMMON         0x200011f8       0x54 Src/adc.o
                0x200011f8                hadc1
 COMMON         0x2000124c        0xc Src/freertos.o
                0x2000124c                defaultTaskHandle
                0x20001250                CmdProcesorHandle
                0x20001254                BlinkyHandle
 COMMON         0x20001258       0x8c Src/main.o
                0x20001258                uart_rx_rb
                0x20001260                uart_tmp_rx_char
                0x20001264                uart_rx_buffer
 COMMON         0x200012e4       0xc8 Src/spi.o
                0x200012e4                hspi3
                0x20001348                hspi1
 COMMON         0x200013ac       0x40 Src/stm32f3xx_hal_timebase_TIM.o
                0x200013ac                htim2
 COMMON         0x200013ec       0x70 Src/usart.o
                0x200013ec                huart1
                0x2000145c                . = ALIGN (0x4)
                0x2000145c                _ebss = .
                0x2000145c                __bss_end__ = _ebss

._user_heap_stack
                0x2000145c      0x604
                0x20001460                . = ALIGN (0x8)
 *fill*         0x2000145c        0x4 
                [!provide]                PROVIDE (end, .)
                [!provide]                PROVIDE (_end, .)
                0x20001660                . = (. + _Min_Heap_Size)
 *fill*         0x20001460      0x200 
                0x20001a60                . = (. + _Min_Stack_Size)
 *fill*         0x20001660      0x400 
                0x20001a60                . = ALIGN (0x8)

/DISCARD/
 libc.a(*)
 libm.a(*)
 libgcc.a(*)

.ARM.attributes
                0x00000000       0x30
 *(.ARM.attributes)
 .ARM.attributes
                0x00000000       0x22 c:/ac6/systemworkbench/plugins/fr.ac6.mcu.externaltools.arm-none.win32_1.16.0.201807130628/tools/compiler/bin/../lib/gcc/arm-none-eabi/7.2.1/thumb/v7e-m/fpv4-sp/hard/crti.o
 .ARM.attributes
                0x00000022       0x34 c:/ac6/systemworkbench/plugins/fr.ac6.mcu.externaltools.arm-none.win32_1.16.0.201807130628/tools/compiler/bin/../lib/gcc/arm-none-eabi/7.2.1/thumb/v7e-m/fpv4-sp/hard/crtbegin.o
 .ARM.attributes
                0x00000056       0x39 Drivers/STM32F3xx_HAL_Driver/Src/stm32f3xx_hal.o
 .ARM.attributes
                0x0000008f       0x39 Drivers/STM32F3xx_HAL_Driver/Src/stm32f3xx_hal_adc_ex.o
 .ARM.attributes
                0x000000c8       0x39 Drivers/STM32F3xx_HAL_Driver/Src/stm32f3xx_hal_cortex.o
 .ARM.attributes
                0x00000101       0x39 Drivers/STM32F3xx_HAL_Driver/Src/stm32f3xx_hal_dma.o
 .ARM.attributes
                0x0000013a       0x39 Drivers/STM32F3xx_HAL_Driver/Src/stm32f3xx_hal_gpio.o
 .ARM.attributes
                0x00000173       0x39 Drivers/STM32F3xx_HAL_Driver/Src/stm32f3xx_hal_rcc.o
 .ARM.attributes
                0x000001ac       0x39 Drivers/STM32F3xx_HAL_Driver/Src/stm32f3xx_hal_rcc_ex.o
 .ARM.attributes
                0x000001e5       0x39 Drivers/STM32F3xx_HAL_Driver/Src/stm32f3xx_hal_spi.o
 .ARM.attributes
                0x0000021e       0x39 Drivers/STM32F3xx_HAL_Driver/Src/stm32f3xx_hal_tim.o
 .ARM.attributes
                0x00000257       0x39 Drivers/STM32F3xx_HAL_Driver/Src/stm32f3xx_hal_tim_ex.o
 .ARM.attributes
                0x00000290       0x39 Drivers/STM32F3xx_HAL_Driver/Src/stm32f3xx_hal_uart.o
 .ARM.attributes
                0x000002c9       0x39 Drivers/STM32F3xx_HAL_Driver/Src/stm32f3xx_hal_uart_ex.o
 .ARM.attributes
                0x00000302       0x39 Middlewares/Third_Party/FreeRTOS/Source/CMSIS_RTOS/cmsis_os.o
 .ARM.attributes
                0x0000033b       0x39 Middlewares/Third_Party/FreeRTOS/Source/list.o
 .ARM.attributes
                0x00000374       0x39 Middlewares/Third_Party/FreeRTOS/Source/queue.o
 .ARM.attributes
                0x000003ad       0x39 Middlewares/Third_Party/FreeRTOS/Source/tasks.o
 .ARM.attributes
                0x000003e6       0x39 Middlewares/Third_Party/FreeRTOS/Source/timers.o
 .ARM.attributes
                0x0000041f       0x39 Middlewares/Third_Party/FreeRTOS/Source/portable/GCC/ARM_CM4F/port.o
 .ARM.attributes
                0x00000458       0x39 Middlewares/Third_Party/FreeRTOS/Source/portable/MemMang/heap_4.o
 .ARM.attributes
                0x00000491       0x39 Src/adc.o
 .ARM.attributes
                0x000004ca       0x39 Src/freertos.o
 .ARM.attributes
                0x00000503       0x39 Src/gpio.o
 .ARM.attributes
                0x0000053c       0x39 Src/main.o
 .ARM.attributes
                0x00000575       0x39 Src/ringbuffer.o
 .ARM.attributes
                0x000005ae       0x39 Src/spi.o
 .ARM.attributes
                0x000005e7       0x39 Src/stm32f3xx_hal_msp.o
 .ARM.attributes
                0x00000620       0x39 Src/stm32f3xx_hal_timebase_TIM.o
 .ARM.attributes
                0x00000659       0x39 Src/stm32f3xx_it.o
 .ARM.attributes
                0x00000692       0x39 Src/system_stm32f3xx.o
 .ARM.attributes
                0x000006cb       0x39 Src/usart.o
 .ARM.attributes
                0x00000704       0x21 startup/startup_stm32f303xc.o
 .ARM.attributes
                0x00000725       0x34 c:/ac6/systemworkbench/plugins/fr.ac6.mcu.externaltools.arm-none.win32_1.16.0.201807130628/tools/compiler/bin/../lib/gcc/arm-none-eabi/7.2.1/../../../../arm-none-eabi/lib/thumb/v7e-m/fpv4-sp/hard\libc_nano.a(lib_a-init.o)
 .ARM.attributes
                0x00000759       0x34 c:/ac6/systemworkbench/plugins/fr.ac6.mcu.externaltools.arm-none.win32_1.16.0.201807130628/tools/compiler/bin/../lib/gcc/arm-none-eabi/7.2.1/../../../../arm-none-eabi/lib/thumb/v7e-m/fpv4-sp/hard\libc_nano.a(lib_a-memcpy-stub.o)
 .ARM.attributes
                0x0000078d       0x22 c:/ac6/systemworkbench/plugins/fr.ac6.mcu.externaltools.arm-none.win32_1.16.0.201807130628/tools/compiler/bin/../lib/gcc/arm-none-eabi/7.2.1/thumb/v7e-m/fpv4-sp/hard/crtn.o
OUTPUT(FreeRTOS_Test1.elf elf32-littlearm)

.debug_info     0x00000000    0x2a5f8
 .debug_info    0x00000000     0x10a0 Drivers/STM32F3xx_HAL_Driver/Src/stm32f3xx_hal.o
 .debug_info    0x000010a0     0x231c Drivers/STM32F3xx_HAL_Driver/Src/stm32f3xx_hal_adc_ex.o
 .debug_info    0x000033bc     0x1714 Drivers/STM32F3xx_HAL_Driver/Src/stm32f3xx_hal_cortex.o
 .debug_info    0x00004ad0     0x10a1 Drivers/STM32F3xx_HAL_Driver/Src/stm32f3xx_hal_dma.o
 .debug_info    0x00005b71      0xf42 Drivers/STM32F3xx_HAL_Driver/Src/stm32f3xx_hal_gpio.o
 .debug_info    0x00006ab3     0x1c80 Drivers/STM32F3xx_HAL_Driver/Src/stm32f3xx_hal_rcc.o
 .debug_info    0x00008733      0xfd5 Drivers/STM32F3xx_HAL_Driver/Src/stm32f3xx_hal_rcc_ex.o
 .debug_info    0x00009708     0x25f7 Drivers/STM32F3xx_HAL_Driver/Src/stm32f3xx_hal_spi.o
 .debug_info    0x0000bcff     0x3821 Drivers/STM32F3xx_HAL_Driver/Src/stm32f3xx_hal_tim.o
 .debug_info    0x0000f520     0x1ee5 Drivers/STM32F3xx_HAL_Driver/Src/stm32f3xx_hal_tim_ex.o
 .debug_info    0x00011405     0x2235 Drivers/STM32F3xx_HAL_Driver/Src/stm32f3xx_hal_uart.o
 .debug_info    0x0001363a     0x1198 Drivers/STM32F3xx_HAL_Driver/Src/stm32f3xx_hal_uart_ex.o
 .debug_info    0x000147d2     0x2466 Middlewares/Third_Party/FreeRTOS/Source/CMSIS_RTOS/cmsis_os.o
 .debug_info    0x00016c38      0xacd Middlewares/Third_Party/FreeRTOS/Source/list.o
 .debug_info    0x00017705     0x2027 Middlewares/Third_Party/FreeRTOS/Source/queue.o
 .debug_info    0x0001972c     0x29b4 Middlewares/Third_Party/FreeRTOS/Source/tasks.o
 .debug_info    0x0001c0e0     0x1872 Middlewares/Third_Party/FreeRTOS/Source/timers.o
 .debug_info    0x0001d952      0x532 Middlewares/Third_Party/FreeRTOS/Source/portable/GCC/ARM_CM4F/port.o
 .debug_info    0x0001de84      0xc71 Middlewares/Third_Party/FreeRTOS/Source/portable/MemMang/heap_4.o
 .debug_info    0x0001eaf5     0x135f Src/adc.o
 .debug_info    0x0001fe54     0x128f Src/freertos.o
 .debug_info    0x000210e3      0xdce Src/gpio.o
 .debug_info    0x00021eb1     0x1fe7 Src/main.o
 .debug_info    0x00023e98      0x1f7 Src/ringbuffer.o
 .debug_info    0x0002408f     0x123d Src/spi.o
 .debug_info    0x000252cc      0xd6b Src/stm32f3xx_hal_msp.o
 .debug_info    0x00026037     0x12d8 Src/stm32f3xx_hal_timebase_TIM.o
 .debug_info    0x0002730f     0x1243 Src/stm32f3xx_it.o
 .debug_info    0x00028552      0xc82 Src/system_stm32f3xx.o
 .debug_info    0x000291d4     0x1402 Src/usart.o
 .debug_info    0x0002a5d6       0x22 startup/startup_stm32f303xc.o

.debug_abbrev   0x00000000     0x5219
 .debug_abbrev  0x00000000      0x2e1 Drivers/STM32F3xx_HAL_Driver/Src/stm32f3xx_hal.o
 .debug_abbrev  0x000002e1      0x323 Drivers/STM32F3xx_HAL_Driver/Src/stm32f3xx_hal_adc_ex.o
 .debug_abbrev  0x00000604      0x3ba Drivers/STM32F3xx_HAL_Driver/Src/stm32f3xx_hal_cortex.o
 .debug_abbrev  0x000009be      0x2d6 Drivers/STM32F3xx_HAL_Driver/Src/stm32f3xx_hal_dma.o
 .debug_abbrev  0x00000c94      0x2a7 Drivers/STM32F3xx_HAL_Driver/Src/stm32f3xx_hal_gpio.o
 .debug_abbrev  0x00000f3b      0x365 Drivers/STM32F3xx_HAL_Driver/Src/stm32f3xx_hal_rcc.o
 .debug_abbrev  0x000012a0      0x336 Drivers/STM32F3xx_HAL_Driver/Src/stm32f3xx_hal_rcc_ex.o
 .debug_abbrev  0x000015d6      0x2e1 Drivers/STM32F3xx_HAL_Driver/Src/stm32f3xx_hal_spi.o
 .debug_abbrev  0x000018b7      0x2e0 Drivers/STM32F3xx_HAL_Driver/Src/stm32f3xx_hal_tim.o
 .debug_abbrev  0x00001b97      0x2e0 Drivers/STM32F3xx_HAL_Driver/Src/stm32f3xx_hal_tim_ex.o
 .debug_abbrev  0x00001e77      0x2eb Drivers/STM32F3xx_HAL_Driver/Src/stm32f3xx_hal_uart.o
 .debug_abbrev  0x00002162      0x2a8 Drivers/STM32F3xx_HAL_Driver/Src/stm32f3xx_hal_uart_ex.o
 .debug_abbrev  0x0000240a      0x3d4 Middlewares/Third_Party/FreeRTOS/Source/CMSIS_RTOS/cmsis_os.o
 .debug_abbrev  0x000027de      0x21c Middlewares/Third_Party/FreeRTOS/Source/list.o
 .debug_abbrev  0x000029fa      0x385 Middlewares/Third_Party/FreeRTOS/Source/queue.o
 .debug_abbrev  0x00002d7f      0x3cf Middlewares/Third_Party/FreeRTOS/Source/tasks.o
 .debug_abbrev  0x0000314e      0x2ef Middlewares/Third_Party/FreeRTOS/Source/timers.o
 .debug_abbrev  0x0000343d      0x216 Middlewares/Third_Party/FreeRTOS/Source/portable/GCC/ARM_CM4F/port.o
 .debug_abbrev  0x00003653      0x318 Middlewares/Third_Party/FreeRTOS/Source/portable/MemMang/heap_4.o
 .debug_abbrev  0x0000396b      0x258 Src/adc.o
 .debug_abbrev  0x00003bc3      0x284 Src/freertos.o
 .debug_abbrev  0x00003e47      0x22b Src/gpio.o
 .debug_abbrev  0x00004072      0x2ca Src/main.o
 .debug_abbrev  0x0000433c      0x105 Src/ringbuffer.o
 .debug_abbrev  0x00004441      0x258 Src/spi.o
 .debug_abbrev  0x00004699      0x234 Src/stm32f3xx_hal_msp.o
 .debug_abbrev  0x000048cd      0x299 Src/stm32f3xx_hal_timebase_TIM.o
 .debug_abbrev  0x00004b66      0x221 Src/stm32f3xx_it.o
 .debug_abbrev  0x00004d87      0x21f Src/system_stm32f3xx.o
 .debug_abbrev  0x00004fa6      0x261 Src/usart.o
 .debug_abbrev  0x00005207       0x12 startup/startup_stm32f303xc.o

.debug_loc      0x00000000    0x10850
 .debug_loc     0x00000000       0xfd Drivers/STM32F3xx_HAL_Driver/Src/stm32f3xx_hal.o
 .debug_loc     0x000000fd     0x1bfe Drivers/STM32F3xx_HAL_Driver/Src/stm32f3xx_hal_adc_ex.o
 .debug_loc     0x00001cfb      0x5ce Drivers/STM32F3xx_HAL_Driver/Src/stm32f3xx_hal_cortex.o
 .debug_loc     0x000022c9      0x7aa Drivers/STM32F3xx_HAL_Driver/Src/stm32f3xx_hal_dma.o
 .debug_loc     0x00002a73      0x361 Drivers/STM32F3xx_HAL_Driver/Src/stm32f3xx_hal_gpio.o
 .debug_loc     0x00002dd4      0x946 Drivers/STM32F3xx_HAL_Driver/Src/stm32f3xx_hal_rcc.o
 .debug_loc     0x0000371a      0x82d Drivers/STM32F3xx_HAL_Driver/Src/stm32f3xx_hal_rcc_ex.o
 .debug_loc     0x00003f47     0x1ba1 Drivers/STM32F3xx_HAL_Driver/Src/stm32f3xx_hal_spi.o
 .debug_loc     0x00005ae8     0x36ec Drivers/STM32F3xx_HAL_Driver/Src/stm32f3xx_hal_tim.o
 .debug_loc     0x000091d4     0x19b9 Drivers/STM32F3xx_HAL_Driver/Src/stm32f3xx_hal_tim_ex.o
 .debug_loc     0x0000ab8d     0x1776 Drivers/STM32F3xx_HAL_Driver/Src/stm32f3xx_hal_uart.o
 .debug_loc     0x0000c303      0x2d6 Drivers/STM32F3xx_HAL_Driver/Src/stm32f3xx_hal_uart_ex.o
 .debug_loc     0x0000c5d9      0xfbd Middlewares/Third_Party/FreeRTOS/Source/CMSIS_RTOS/cmsis_os.o
 .debug_loc     0x0000d596       0x70 Middlewares/Third_Party/FreeRTOS/Source/list.o
 .debug_loc     0x0000d606      0xe3b Middlewares/Third_Party/FreeRTOS/Source/queue.o
 .debug_loc     0x0000e441     0x1265 Middlewares/Third_Party/FreeRTOS/Source/tasks.o
 .debug_loc     0x0000f6a6      0x99e Middlewares/Third_Party/FreeRTOS/Source/timers.o
 .debug_loc     0x00010044       0xdc Middlewares/Third_Party/FreeRTOS/Source/portable/GCC/ARM_CM4F/port.o
 .debug_loc     0x00010120      0x291 Middlewares/Third_Party/FreeRTOS/Source/portable/MemMang/heap_4.o
 .debug_loc     0x000103b1       0x5b Src/adc.o
 .debug_loc     0x0001040c       0x60 Src/freertos.o
 .debug_loc     0x0001046c       0x5b Src/main.o
 .debug_loc     0x000104c7      0x110 Src/ringbuffer.o
 .debug_loc     0x000105d7       0xa6 Src/spi.o
 .debug_loc     0x0001067d       0x79 Src/stm32f3xx_hal_timebase_TIM.o
 .debug_loc     0x000106f6       0xff Src/system_stm32f3xx.o
 .debug_loc     0x000107f5       0x5b Src/usart.o

.debug_aranges  0x00000000     0x1618
 .debug_aranges
                0x00000000       0xe0 Drivers/STM32F3xx_HAL_Driver/Src/stm32f3xx_hal.o
 .debug_aranges
                0x000000e0      0x168 Drivers/STM32F3xx_HAL_Driver/Src/stm32f3xx_hal_adc_ex.o
 .debug_aranges
                0x00000248       0xa8 Drivers/STM32F3xx_HAL_Driver/Src/stm32f3xx_hal_cortex.o
 .debug_aranges
                0x000002f0       0x88 Drivers/STM32F3xx_HAL_Driver/Src/stm32f3xx_hal_dma.o
 .debug_aranges
                0x00000378       0x58 Drivers/STM32F3xx_HAL_Driver/Src/stm32f3xx_hal_gpio.o
 .debug_aranges
                0x000003d0       0x88 Drivers/STM32F3xx_HAL_Driver/Src/stm32f3xx_hal_rcc.o
 .debug_aranges
                0x00000458       0x38 Drivers/STM32F3xx_HAL_Driver/Src/stm32f3xx_hal_rcc_ex.o
 .debug_aranges
                0x00000490      0x1d8 Drivers/STM32F3xx_HAL_Driver/Src/stm32f3xx_hal_spi.o
 .debug_aranges
                0x00000668      0x378 Drivers/STM32F3xx_HAL_Driver/Src/stm32f3xx_hal_tim.o
 .debug_aranges
                0x000009e0      0x178 Drivers/STM32F3xx_HAL_Driver/Src/stm32f3xx_hal_tim_ex.o
 .debug_aranges
                0x00000b58      0x1f0 Drivers/STM32F3xx_HAL_Driver/Src/stm32f3xx_hal_uart.o
 .debug_aranges
                0x00000d48       0x48 Drivers/STM32F3xx_HAL_Driver/Src/stm32f3xx_hal_uart_ex.o
 .debug_aranges
                0x00000d90      0x1d8 Middlewares/Third_Party/FreeRTOS/Source/CMSIS_RTOS/cmsis_os.o
 .debug_aranges
                0x00000f68       0x40 Middlewares/Third_Party/FreeRTOS/Source/list.o
 .debug_aranges
                0x00000fa8       0xe8 Middlewares/Third_Party/FreeRTOS/Source/queue.o
 .debug_aranges
                0x00001090      0x198 Middlewares/Third_Party/FreeRTOS/Source/tasks.o
 .debug_aranges
                0x00001228       0xb8 Middlewares/Third_Party/FreeRTOS/Source/timers.o
 .debug_aranges
                0x000012e0       0x80 Middlewares/Third_Party/FreeRTOS/Source/portable/GCC/ARM_CM4F/port.o
 .debug_aranges
                0x00001360       0x50 Middlewares/Third_Party/FreeRTOS/Source/portable/MemMang/heap_4.o
 .debug_aranges
                0x000013b0       0x30 Src/adc.o
 .debug_aranges
                0x000013e0       0x30 Src/freertos.o
 .debug_aranges
                0x00001410       0x20 Src/gpio.o
 .debug_aranges
                0x00001430       0x40 Src/main.o
 .debug_aranges
                0x00001470       0x40 Src/ringbuffer.o
 .debug_aranges
                0x000014b0       0x38 Src/spi.o
 .debug_aranges
                0x000014e8       0x20 Src/stm32f3xx_hal_msp.o
 .debug_aranges
                0x00001508       0x30 Src/stm32f3xx_hal_timebase_TIM.o
 .debug_aranges
                0x00001538       0x60 Src/stm32f3xx_it.o
 .debug_aranges
                0x00001598       0x28 Src/system_stm32f3xx.o
 .debug_aranges
                0x000015c0       0x30 Src/usart.o
 .debug_aranges
                0x000015f0       0x28 startup/startup_stm32f303xc.o

.debug_ranges   0x00000000     0x15f0
 .debug_ranges  0x00000000       0xd0 Drivers/STM32F3xx_HAL_Driver/Src/stm32f3xx_hal.o
 .debug_ranges  0x000000d0      0x158 Drivers/STM32F3xx_HAL_Driver/Src/stm32f3xx_hal_adc_ex.o
 .debug_ranges  0x00000228       0xf8 Drivers/STM32F3xx_HAL_Driver/Src/stm32f3xx_hal_cortex.o
 .debug_ranges  0x00000320       0x78 Drivers/STM32F3xx_HAL_Driver/Src/stm32f3xx_hal_dma.o
 .debug_ranges  0x00000398       0x48 Drivers/STM32F3xx_HAL_Driver/Src/stm32f3xx_hal_gpio.o
 .debug_ranges  0x000003e0       0x98 Drivers/STM32F3xx_HAL_Driver/Src/stm32f3xx_hal_rcc.o
 .debug_ranges  0x00000478       0x40 Drivers/STM32F3xx_HAL_Driver/Src/stm32f3xx_hal_rcc_ex.o
 .debug_ranges  0x000004b8      0x1c8 Drivers/STM32F3xx_HAL_Driver/Src/stm32f3xx_hal_spi.o
 .debug_ranges  0x00000680      0x368 Drivers/STM32F3xx_HAL_Driver/Src/stm32f3xx_hal_tim.o
 .debug_ranges  0x000009e8      0x168 Drivers/STM32F3xx_HAL_Driver/Src/stm32f3xx_hal_tim_ex.o
 .debug_ranges  0x00000b50      0x1e0 Drivers/STM32F3xx_HAL_Driver/Src/stm32f3xx_hal_uart.o
 .debug_ranges  0x00000d30       0x38 Drivers/STM32F3xx_HAL_Driver/Src/stm32f3xx_hal_uart_ex.o
 .debug_ranges  0x00000d68      0x1c8 Middlewares/Third_Party/FreeRTOS/Source/CMSIS_RTOS/cmsis_os.o
 .debug_ranges  0x00000f30       0x30 Middlewares/Third_Party/FreeRTOS/Source/list.o
 .debug_ranges  0x00000f60      0x178 Middlewares/Third_Party/FreeRTOS/Source/queue.o
 .debug_ranges  0x000010d8      0x1f8 Middlewares/Third_Party/FreeRTOS/Source/tasks.o
 .debug_ranges  0x000012d0       0xa8 Middlewares/Third_Party/FreeRTOS/Source/timers.o
 .debug_ranges  0x00001378       0x70 Middlewares/Third_Party/FreeRTOS/Source/portable/GCC/ARM_CM4F/port.o
 .debug_ranges  0x000013e8       0x40 Middlewares/Third_Party/FreeRTOS/Source/portable/MemMang/heap_4.o
 .debug_ranges  0x00001428       0x20 Src/adc.o
 .debug_ranges  0x00001448       0x20 Src/freertos.o
 .debug_ranges  0x00001468       0x10 Src/gpio.o
 .debug_ranges  0x00001478       0x30 Src/main.o
 .debug_ranges  0x000014a8       0x48 Src/ringbuffer.o
 .debug_ranges  0x000014f0       0x28 Src/spi.o
 .debug_ranges  0x00001518       0x10 Src/stm32f3xx_hal_msp.o
 .debug_ranges  0x00001528       0x20 Src/stm32f3xx_hal_timebase_TIM.o
 .debug_ranges  0x00001548       0x50 Src/stm32f3xx_it.o
 .debug_ranges  0x00001598       0x18 Src/system_stm32f3xx.o
 .debug_ranges  0x000015b0       0x20 Src/usart.o
 .debug_ranges  0x000015d0       0x20 startup/startup_stm32f303xc.o

.debug_macro    0x00000000    0x1fd01
 .debug_macro   0x00000000      0x373 Drivers/STM32F3xx_HAL_Driver/Src/stm32f3xx_hal.o
 .debug_macro   0x00000373      0xa60 Drivers/STM32F3xx_HAL_Driver/Src/stm32f3xx_hal.o
 .debug_macro   0x00000dd3       0xa0 Drivers/STM32F3xx_HAL_Driver/Src/stm32f3xx_hal.o
 .debug_macro   0x00000e73       0xb1 Drivers/STM32F3xx_HAL_Driver/Src/stm32f3xx_hal.o
 .debug_macro   0x00000f24       0x2f Drivers/STM32F3xx_HAL_Driver/Src/stm32f3xx_hal.o
 .debug_macro   0x00000f53       0x28 Drivers/STM32F3xx_HAL_Driver/Src/stm32f3xx_hal.o
 .debug_macro   0x00000f7b       0x22 Drivers/STM32F3xx_HAL_Driver/Src/stm32f3xx_hal.o
 .debug_macro   0x00000f9d       0x87 Drivers/STM32F3xx_HAL_Driver/Src/stm32f3xx_hal.o
 .debug_macro   0x00001024       0x51 Drivers/STM32F3xx_HAL_Driver/Src/stm32f3xx_hal.o
 .debug_macro   0x00001075       0xef Drivers/STM32F3xx_HAL_Driver/Src/stm32f3xx_hal.o
 .debug_macro   0x00001164       0x6a Drivers/STM32F3xx_HAL_Driver/Src/stm32f3xx_hal.o
 .debug_macro   0x000011ce      0x1df Drivers/STM32F3xx_HAL_Driver/Src/stm32f3xx_hal.o
 .debug_macro   0x000013ad       0x35 Drivers/STM32F3xx_HAL_Driver/Src/stm32f3xx_hal.o
 .debug_macro   0x000013e2       0x50 Drivers/STM32F3xx_HAL_Driver/Src/stm32f3xx_hal.o
 .debug_macro   0x00001432      0xe66 Drivers/STM32F3xx_HAL_Driver/Src/stm32f3xx_hal.o
 .debug_macro   0x00002298    0x12a4f Drivers/STM32F3xx_HAL_Driver/Src/stm32f3xx_hal.o
 .debug_macro   0x00014ce7       0x43 Drivers/STM32F3xx_HAL_Driver/Src/stm32f3xx_hal.o
 .debug_macro   0x00014d2a       0x58 Drivers/STM32F3xx_HAL_Driver/Src/stm32f3xx_hal.o
 .debug_macro   0x00014d82       0x17 Drivers/STM32F3xx_HAL_Driver/Src/stm32f3xx_hal.o
 .debug_macro   0x00014d99       0x35 Drivers/STM32F3xx_HAL_Driver/Src/stm32f3xx_hal.o
 .debug_macro   0x00014dce       0x9c Drivers/STM32F3xx_HAL_Driver/Src/stm32f3xx_hal.o
 .debug_macro   0x00014e6a       0x16 Drivers/STM32F3xx_HAL_Driver/Src/stm32f3xx_hal.o
 .debug_macro   0x00014e80       0x97 Drivers/STM32F3xx_HAL_Driver/Src/stm32f3xx_hal.o
 .debug_macro   0x00014f17      0x330 Drivers/STM32F3xx_HAL_Driver/Src/stm32f3xx_hal.o
 .debug_macro   0x00015247       0xfd Drivers/STM32F3xx_HAL_Driver/Src/stm32f3xx_hal.o
 .debug_macro   0x00015344       0x10 Drivers/STM32F3xx_HAL_Driver/Src/stm32f3xx_hal.o
 .debug_macro   0x00015354       0x58 Drivers/STM32F3xx_HAL_Driver/Src/stm32f3xx_hal.o
 .debug_macro   0x000153ac       0x1f Drivers/STM32F3xx_HAL_Driver/Src/stm32f3xx_hal.o
 .debug_macro   0x000153cb       0x43 Drivers/STM32F3xx_HAL_Driver/Src/stm32f3xx_hal.o
 .debug_macro   0x0001540e       0x20 Drivers/STM32F3xx_HAL_Driver/Src/stm32f3xx_hal.o
 .debug_macro   0x0001542e      0x18e Drivers/STM32F3xx_HAL_Driver/Src/stm32f3xx_hal.o
 .debug_macro   0x000155bc       0x10 Drivers/STM32F3xx_HAL_Driver/Src/stm32f3xx_hal.o
 .debug_macro   0x000155cc       0x1c Drivers/STM32F3xx_HAL_Driver/Src/stm32f3xx_hal.o
 .debug_macro   0x000155e8       0x52 Drivers/STM32F3xx_HAL_Driver/Src/stm32f3xx_hal.o
 .debug_macro   0x0001563a       0x40 Drivers/STM32F3xx_HAL_Driver/Src/stm32f3xx_hal.o
 .debug_macro   0x0001567a       0x10 Drivers/STM32F3xx_HAL_Driver/Src/stm32f3xx_hal.o
 .debug_macro   0x0001568a       0x40 Drivers/STM32F3xx_HAL_Driver/Src/stm32f3xx_hal.o
 .debug_macro   0x000156ca       0xd7 Drivers/STM32F3xx_HAL_Driver/Src/stm32f3xx_hal.o
 .debug_macro   0x000157a1       0x1c Drivers/STM32F3xx_HAL_Driver/Src/stm32f3xx_hal.o
 .debug_macro   0x000157bd       0x3d Drivers/STM32F3xx_HAL_Driver/Src/stm32f3xx_hal.o
 .debug_macro   0x000157fa       0x16 Drivers/STM32F3xx_HAL_Driver/Src/stm32f3xx_hal.o
 .debug_macro   0x00015810      0x16f Drivers/STM32F3xx_HAL_Driver/Src/stm32f3xx_hal.o
 .debug_macro   0x0001597f       0x49 Drivers/STM32F3xx_HAL_Driver/Src/stm32f3xx_hal.o
 .debug_macro   0x000159c8      0x968 Drivers/STM32F3xx_HAL_Driver/Src/stm32f3xx_hal.o
 .debug_macro   0x00016330      0x5fe Drivers/STM32F3xx_HAL_Driver/Src/stm32f3xx_hal.o
 .debug_macro   0x0001692e      0x13a Drivers/STM32F3xx_HAL_Driver/Src/stm32f3xx_hal.o
 .debug_macro   0x00016a68      0x1fb Drivers/STM32F3xx_HAL_Driver/Src/stm32f3xx_hal.o
 .debug_macro   0x00016c63      0x1bc Drivers/STM32F3xx_HAL_Driver/Src/stm32f3xx_hal.o
 .debug_macro   0x00016e1f       0x31 Drivers/STM32F3xx_HAL_Driver/Src/stm32f3xx_hal.o
 .debug_macro   0x00016e50       0x3c Drivers/STM32F3xx_HAL_Driver/Src/stm32f3xx_hal.o
 .debug_macro   0x00016e8c      0x23a Drivers/STM32F3xx_HAL_Driver/Src/stm32f3xx_hal.o
 .debug_macro   0x000170c6      0x9b8 Drivers/STM32F3xx_HAL_Driver/Src/stm32f3xx_hal.o
 .debug_macro   0x00017a7e       0x77 Drivers/STM32F3xx_HAL_Driver/Src/stm32f3xx_hal.o
 .debug_macro   0x00017af5       0xcb Drivers/STM32F3xx_HAL_Driver/Src/stm32f3xx_hal.o
 .debug_macro   0x00017bc0      0x22b Drivers/STM32F3xx_HAL_Driver/Src/stm32f3xx_hal.o
 .debug_macro   0x00017deb      0x209 Drivers/STM32F3xx_HAL_Driver/Src/stm32f3xx_hal.o
 .debug_macro   0x00017ff4       0x5b Drivers/STM32F3xx_HAL_Driver/Src/stm32f3xx_hal.o
 .debug_macro   0x0001804f       0x90 Drivers/STM32F3xx_HAL_Driver/Src/stm32f3xx_hal.o
 .debug_macro   0x000180df       0x82 Drivers/STM32F3xx_HAL_Driver/Src/stm32f3xx_hal.o
 .debug_macro   0x00018161       0xd3 Drivers/STM32F3xx_HAL_Driver/Src/stm32f3xx_hal.o
 .debug_macro   0x00018234      0x2e9 Drivers/STM32F3xx_HAL_Driver/Src/stm32f3xx_hal.o
 .debug_macro   0x0001851d      0x6af Drivers/STM32F3xx_HAL_Driver/Src/stm32f3xx_hal.o
 .debug_macro   0x00018bcc      0x38a Drivers/STM32F3xx_HAL_Driver/Src/stm32f3xx_hal.o
 .debug_macro   0x00018f56      0x566 Drivers/STM32F3xx_HAL_Driver/Src/stm32f3xx_hal.o
 .debug_macro   0x000194bc       0x2b Drivers/STM32F3xx_HAL_Driver/Src/stm32f3xx_hal.o
 .debug_macro   0x000194e7      0x277 Drivers/STM32F3xx_HAL_Driver/Src/stm32f3xx_hal.o
 .debug_macro   0x0001975e      0x379 Drivers/STM32F3xx_HAL_Driver/Src/stm32f3xx_hal_adc_ex.o
 .debug_macro   0x00019ad7      0x34f Drivers/STM32F3xx_HAL_Driver/Src/stm32f3xx_hal_cortex.o
 .debug_macro   0x00019e26      0x34f Drivers/STM32F3xx_HAL_Driver/Src/stm32f3xx_hal_dma.o
 .debug_macro   0x0001a175      0x387 Drivers/STM32F3xx_HAL_Driver/Src/stm32f3xx_hal_gpio.o
 .debug_macro   0x0001a4fc      0x373 Drivers/STM32F3xx_HAL_Driver/Src/stm32f3xx_hal_rcc.o
 .debug_macro   0x0001a86f      0x34f Drivers/STM32F3xx_HAL_Driver/Src/stm32f3xx_hal_rcc_ex.o
 .debug_macro   0x0001abbe      0x357 Drivers/STM32F3xx_HAL_Driver/Src/stm32f3xx_hal_spi.o
 .debug_macro   0x0001af15      0x34f Drivers/STM32F3xx_HAL_Driver/Src/stm32f3xx_hal_tim.o
 .debug_macro   0x0001b264      0x35b Drivers/STM32F3xx_HAL_Driver/Src/stm32f3xx_hal_tim_ex.o
 .debug_macro   0x0001b5bf      0x357 Drivers/STM32F3xx_HAL_Driver/Src/stm32f3xx_hal_uart.o
 .debug_macro   0x0001b916      0x34f Drivers/STM32F3xx_HAL_Driver/Src/stm32f3xx_hal_uart_ex.o
 .debug_macro   0x0001bc65      0x1ed Middlewares/Third_Party/FreeRTOS/Source/CMSIS_RTOS/cmsis_os.o
 .debug_macro   0x0001be52       0x52 Middlewares/Third_Party/FreeRTOS/Source/CMSIS_RTOS/cmsis_os.o
 .debug_macro   0x0001bea4       0x8d Middlewares/Third_Party/FreeRTOS/Source/CMSIS_RTOS/cmsis_os.o
 .debug_macro   0x0001bf31      0x174 Middlewares/Third_Party/FreeRTOS/Source/CMSIS_RTOS/cmsis_os.o
 .debug_macro   0x0001c0a5       0x57 Middlewares/Third_Party/FreeRTOS/Source/CMSIS_RTOS/cmsis_os.o
 .debug_macro   0x0001c0fc       0x10 Middlewares/Third_Party/FreeRTOS/Source/CMSIS_RTOS/cmsis_os.o
 .debug_macro   0x0001c10c       0x35 Middlewares/Third_Party/FreeRTOS/Source/CMSIS_RTOS/cmsis_os.o
 .debug_macro   0x0001c141       0xf3 Middlewares/Third_Party/FreeRTOS/Source/CMSIS_RTOS/cmsis_os.o
 .debug_macro   0x0001c234      0x168 Middlewares/Third_Party/FreeRTOS/Source/CMSIS_RTOS/cmsis_os.o
 .debug_macro   0x0001c39c       0xe4 Middlewares/Third_Party/FreeRTOS/Source/CMSIS_RTOS/cmsis_os.o
 .debug_macro   0x0001c480       0x10 Middlewares/Third_Party/FreeRTOS/Source/CMSIS_RTOS/cmsis_os.o
 .debug_macro   0x0001c490       0x1f Middlewares/Third_Party/FreeRTOS/Source/CMSIS_RTOS/cmsis_os.o
 .debug_macro   0x0001c4af      0x408 Middlewares/Third_Party/FreeRTOS/Source/CMSIS_RTOS/cmsis_os.o
 .debug_macro   0x0001c8b7       0xc0 Middlewares/Third_Party/FreeRTOS/Source/CMSIS_RTOS/cmsis_os.o
 .debug_macro   0x0001c977       0x8c Middlewares/Third_Party/FreeRTOS/Source/CMSIS_RTOS/cmsis_os.o
 .debug_macro   0x0001ca03       0x91 Middlewares/Third_Party/FreeRTOS/Source/CMSIS_RTOS/cmsis_os.o
 .debug_macro   0x0001ca94       0x94 Middlewares/Third_Party/FreeRTOS/Source/CMSIS_RTOS/cmsis_os.o
 .debug_macro   0x0001cb28       0x63 Middlewares/Third_Party/FreeRTOS/Source/CMSIS_RTOS/cmsis_os.o
 .debug_macro   0x0001cb8b       0x19 Middlewares/Third_Party/FreeRTOS/Source/CMSIS_RTOS/cmsis_os.o
 .debug_macro   0x0001cba4       0xcf Middlewares/Third_Party/FreeRTOS/Source/CMSIS_RTOS/cmsis_os.o
 .debug_macro   0x0001cc73       0x26 Middlewares/Third_Party/FreeRTOS/Source/CMSIS_RTOS/cmsis_os.o
 .debug_macro   0x0001cc99      0x17b Middlewares/Third_Party/FreeRTOS/Source/list.o
 .debug_macro   0x0001ce14      0x201 Middlewares/Third_Party/FreeRTOS/Source/queue.o
 .debug_macro   0x0001d015       0x16 Middlewares/Third_Party/FreeRTOS/Source/queue.o
 .debug_macro   0x0001d02b      0x264 Middlewares/Third_Party/FreeRTOS/Source/tasks.o
 .debug_macro   0x0001d28f       0x11 Middlewares/Third_Party/FreeRTOS/Source/tasks.o
 .debug_macro   0x0001d2a0      0x1b8 Middlewares/Third_Party/FreeRTOS/Source/timers.o
 .debug_macro   0x0001d458      0x19e Middlewares/Third_Party/FreeRTOS/Source/portable/GCC/ARM_CM4F/port.o
 .debug_macro   0x0001d5f6      0x1a2 Middlewares/Third_Party/FreeRTOS/Source/portable/MemMang/heap_4.o
 .debug_macro   0x0001d798      0x363 Src/adc.o
 .debug_macro   0x0001dafb      0x419 Src/freertos.o
 .debug_macro   0x0001df14       0x3b Src/freertos.o
 .debug_macro   0x0001df4f      0x359 Src/gpio.o
 .debug_macro   0x0001e2a8      0x439 Src/main.o
 .debug_macro   0x0001e6e1       0xf3 Src/main.o
 .debug_macro   0x0001e7d4       0x67 Src/ringbuffer.o
 .debug_macro   0x0001e83b      0x363 Src/spi.o
 .debug_macro   0x0001eb9e      0x34f Src/stm32f3xx_hal_msp.o
 .debug_macro   0x0001eeed      0x34f Src/stm32f3xx_hal_timebase_TIM.o
 .debug_macro   0x0001f23c      0x40d Src/stm32f3xx_it.o
 .debug_macro   0x0001f649      0x355 Src/system_stm32f3xx.o
 .debug_macro   0x0001f99e      0x363 Src/usart.o

.debug_line     0x00000000    0x14cd9
 .debug_line    0x00000000      0x9d6 Drivers/STM32F3xx_HAL_Driver/Src/stm32f3xx_hal.o
 .debug_line    0x000009d6     0x19e0 Drivers/STM32F3xx_HAL_Driver/Src/stm32f3xx_hal_adc_ex.o
 .debug_line    0x000023b6      0xa23 Drivers/STM32F3xx_HAL_Driver/Src/stm32f3xx_hal_cortex.o
 .debug_line    0x00002dd9      0xa5e Drivers/STM32F3xx_HAL_Driver/Src/stm32f3xx_hal_dma.o
 .debug_line    0x00003837      0x964 Drivers/STM32F3xx_HAL_Driver/Src/stm32f3xx_hal_gpio.o
 .debug_line    0x0000419b      0xcec Drivers/STM32F3xx_HAL_Driver/Src/stm32f3xx_hal_rcc.o
 .debug_line    0x00004e87      0xaab Drivers/STM32F3xx_HAL_Driver/Src/stm32f3xx_hal_rcc_ex.o
 .debug_line    0x00005932     0x1332 Drivers/STM32F3xx_HAL_Driver/Src/stm32f3xx_hal_spi.o
 .debug_line    0x00006c64     0x19da Drivers/STM32F3xx_HAL_Driver/Src/stm32f3xx_hal_tim.o
 .debug_line    0x0000863e      0xf64 Drivers/STM32F3xx_HAL_Driver/Src/stm32f3xx_hal_tim_ex.o
 .debug_line    0x000095a2     0x1292 Drivers/STM32F3xx_HAL_Driver/Src/stm32f3xx_hal_uart.o
 .debug_line    0x0000a834      0x912 Drivers/STM32F3xx_HAL_Driver/Src/stm32f3xx_hal_uart_ex.o
 .debug_line    0x0000b146      0xc47 Middlewares/Third_Party/FreeRTOS/Source/CMSIS_RTOS/cmsis_os.o
 .debug_line    0x0000bd8d      0x579 Middlewares/Third_Party/FreeRTOS/Source/list.o
 .debug_line    0x0000c306      0xabe Middlewares/Third_Party/FreeRTOS/Source/queue.o
 .debug_line    0x0000cdc4      0xe3b Middlewares/Third_Party/FreeRTOS/Source/tasks.o
 .debug_line    0x0000dbff      0x7ce Middlewares/Third_Party/FreeRTOS/Source/timers.o
 .debug_line    0x0000e3cd      0x60e Middlewares/Third_Party/FreeRTOS/Source/portable/GCC/ARM_CM4F/port.o
 .debug_line    0x0000e9db      0x62c Middlewares/Third_Party/FreeRTOS/Source/portable/MemMang/heap_4.o
 .debug_line    0x0000f007      0x84c Src/adc.o
 .debug_line    0x0000f853      0xa49 Src/freertos.o
 .debug_line    0x0001029c      0x826 Src/gpio.o
 .debug_line    0x00010ac2      0xa91 Src/main.o
 .debug_line    0x00011553      0x369 Src/ringbuffer.o
 .debug_line    0x000118bc      0x87d Src/spi.o
 .debug_line    0x00012139      0x7fe Src/stm32f3xx_hal_msp.o
 .debug_line    0x00012937      0x830 Src/stm32f3xx_hal_timebase_TIM.o
 .debug_line    0x00013167      0xa88 Src/stm32f3xx_it.o
 .debug_line    0x00013bef      0x829 Src/system_stm32f3xx.o
 .debug_line    0x00014418      0x842 Src/usart.o
 .debug_line    0x00014c5a       0x7f startup/startup_stm32f303xc.o

.debug_str      0x00000000    0xabc7d
 .debug_str     0x00000000    0x9f1fd Drivers/STM32F3xx_HAL_Driver/Src/stm32f3xx_hal.o
                              0x9f57e (size before relaxing)
 .debug_str     0x0009f1fd      0xce8 Drivers/STM32F3xx_HAL_Driver/Src/stm32f3xx_hal_adc_ex.o
                              0x9faac (size before relaxing)
 .debug_str     0x0009fee5      0x3ae Drivers/STM32F3xx_HAL_Driver/Src/stm32f3xx_hal_cortex.o
                              0x9f63e (size before relaxing)
 .debug_str     0x000a0293      0x229 Drivers/STM32F3xx_HAL_Driver/Src/stm32f3xx_hal_dma.o
                              0x9f130 (size before relaxing)
 .debug_str     0x000a04bc      0x2aa Drivers/STM32F3xx_HAL_Driver/Src/stm32f3xx_hal_gpio.o
                              0x9f016 (size before relaxing)
 .debug_str     0x000a0766      0x3fe Drivers/STM32F3xx_HAL_Driver/Src/stm32f3xx_hal_rcc.o
                              0x9f220 (size before relaxing)
 .debug_str     0x000a0b64      0x22f Drivers/STM32F3xx_HAL_Driver/Src/stm32f3xx_hal_rcc_ex.o
                              0x9f02a (size before relaxing)
 .debug_str     0x000a0d93      0x741 Drivers/STM32F3xx_HAL_Driver/Src/stm32f3xx_hal_spi.o
                              0x9f687 (size before relaxing)
 .debug_str     0x000a14d4      0xf59 Drivers/STM32F3xx_HAL_Driver/Src/stm32f3xx_hal_tim.o
                              0x9fec5 (size before relaxing)
 .debug_str     0x000a242d      0x5ce Drivers/STM32F3xx_HAL_Driver/Src/stm32f3xx_hal_tim_ex.o
                              0x9f92b (size before relaxing)
 .debug_str     0x000a29fb      0x934 Drivers/STM32F3xx_HAL_Driver/Src/stm32f3xx_hal_uart.o
                              0x9f9b6 (size before relaxing)
 .debug_str     0x000a332f       0xed Drivers/STM32F3xx_HAL_Driver/Src/stm32f3xx_hal_uart_ex.o
                              0x9f341 (size before relaxing)
 .debug_str     0x000a341c     0x5d83 Middlewares/Third_Party/FreeRTOS/Source/CMSIS_RTOS/cmsis_os.o
                               0xcb75 (size before relaxing)
 .debug_str     0x000a919f      0x234 Middlewares/Third_Party/FreeRTOS/Source/list.o
                               0x9de3 (size before relaxing)
 .debug_str     0x000a93d3      0x746 Middlewares/Third_Party/FreeRTOS/Source/queue.o
                               0xb488 (size before relaxing)
 .debug_str     0x000a9b19      0xf2c Middlewares/Third_Party/FreeRTOS/Source/tasks.o
                               0xbebe (size before relaxing)
 .debug_str     0x000aaa45      0x3ee Middlewares/Third_Party/FreeRTOS/Source/timers.o
                               0xb93a (size before relaxing)
 .debug_str     0x000aae33      0x77c Middlewares/Third_Party/FreeRTOS/Source/portable/GCC/ARM_CM4F/port.o
                               0x7d87 (size before relaxing)
 .debug_str     0x000ab5af      0x23a Middlewares/Third_Party/FreeRTOS/Source/portable/MemMang/heap_4.o
                               0xa523 (size before relaxing)
 .debug_str     0x000ab7e9       0x5c Src/adc.o
                              0x9f322 (size before relaxing)
 .debug_str     0x000ab845      0x120 Src/freertos.o
                              0xa4610 (size before relaxing)
 .debug_str     0x000ab965       0x1b Src/gpio.o
                              0x9edd6 (size before relaxing)
 .debug_str     0x000ab980       0xd1 Src/main.o
                              0xa529d (size before relaxing)
 .debug_str     0x000aba51       0x2c Src/ringbuffer.o
                               0x3c86 (size before relaxing)
 .debug_str     0x000aba7d       0x17 Src/spi.o
                              0x9f210 (size before relaxing)
 .debug_str     0x000aba94       0x1b Src/stm32f3xx_hal_msp.o
                              0x9f17f (size before relaxing)
 .debug_str     0x000abaaf       0x61 Src/stm32f3xx_hal_timebase_TIM.o
                              0x9f696 (size before relaxing)
 .debug_str     0x000abb10       0xbf Src/stm32f3xx_it.o
                              0xa4667 (size before relaxing)
 .debug_str     0x000abbcf       0x64 Src/system_stm32f3xx.o
                              0x9edb9 (size before relaxing)
 .debug_str     0x000abc33       0x1a Src/usart.o
                              0x9f705 (size before relaxing)
 .debug_str     0x000abc4d       0x30 startup/startup_stm32f303xc.o
                                 0x65 (size before relaxing)

.comment        0x00000000       0x7e
 .comment       0x00000000       0x7e Drivers/STM32F3xx_HAL_Driver/Src/stm32f3xx_hal.o
                                 0x7f (size before relaxing)
 .comment       0x0000007e       0x7f Drivers/STM32F3xx_HAL_Driver/Src/stm32f3xx_hal_adc_ex.o
 .comment       0x0000007e       0x7f Drivers/STM32F3xx_HAL_Driver/Src/stm32f3xx_hal_cortex.o
 .comment       0x0000007e       0x7f Drivers/STM32F3xx_HAL_Driver/Src/stm32f3xx_hal_dma.o
 .comment       0x0000007e       0x7f Drivers/STM32F3xx_HAL_Driver/Src/stm32f3xx_hal_gpio.o
 .comment       0x0000007e       0x7f Drivers/STM32F3xx_HAL_Driver/Src/stm32f3xx_hal_rcc.o
 .comment       0x0000007e       0x7f Drivers/STM32F3xx_HAL_Driver/Src/stm32f3xx_hal_rcc_ex.o
 .comment       0x0000007e       0x7f Drivers/STM32F3xx_HAL_Driver/Src/stm32f3xx_hal_spi.o
 .comment       0x0000007e       0x7f Drivers/STM32F3xx_HAL_Driver/Src/stm32f3xx_hal_tim.o
 .comment       0x0000007e       0x7f Drivers/STM32F3xx_HAL_Driver/Src/stm32f3xx_hal_tim_ex.o
 .comment       0x0000007e       0x7f Drivers/STM32F3xx_HAL_Driver/Src/stm32f3xx_hal_uart.o
 .comment       0x0000007e       0x7f Drivers/STM32F3xx_HAL_Driver/Src/stm32f3xx_hal_uart_ex.o
 .comment       0x0000007e       0x7f Middlewares/Third_Party/FreeRTOS/Source/CMSIS_RTOS/cmsis_os.o
 .comment       0x0000007e       0x7f Middlewares/Third_Party/FreeRTOS/Source/list.o
 .comment       0x0000007e       0x7f Middlewares/Third_Party/FreeRTOS/Source/queue.o
 .comment       0x0000007e       0x7f Middlewares/Third_Party/FreeRTOS/Source/tasks.o
 .comment       0x0000007e       0x7f Middlewares/Third_Party/FreeRTOS/Source/timers.o
 .comment       0x0000007e       0x7f Middlewares/Third_Party/FreeRTOS/Source/portable/GCC/ARM_CM4F/port.o
 .comment       0x0000007e       0x7f Middlewares/Third_Party/FreeRTOS/Source/portable/MemMang/heap_4.o
 .comment       0x0000007e       0x7f Src/adc.o
 .comment       0x0000007e       0x7f Src/freertos.o
 .comment       0x0000007e       0x7f Src/gpio.o
 .comment       0x0000007e       0x7f Src/main.o
 .comment       0x0000007e       0x7f Src/ringbuffer.o
 .comment       0x0000007e       0x7f Src/spi.o
 .comment       0x0000007e       0x7f Src/stm32f3xx_hal_msp.o
 .comment       0x0000007e       0x7f Src/stm32f3xx_hal_timebase_TIM.o
 .comment       0x0000007e       0x7f Src/stm32f3xx_it.o
 .comment       0x0000007e       0x7f Src/system_stm32f3xx.o
 .comment       0x0000007e       0x7f Src/usart.o

.debug_frame    0x00000000     0x3ce0
 .debug_frame   0x00000000      0x1cc Drivers/STM32F3xx_HAL_Driver/Src/stm32f3xx_hal.o
 .debug_frame   0x000001cc      0x4cc Drivers/STM32F3xx_HAL_Driver/Src/stm32f3xx_hal_adc_ex.o
 .debug_frame   0x00000698      0x15c Drivers/STM32F3xx_HAL_Driver/Src/stm32f3xx_hal_cortex.o
 .debug_frame   0x000007f4      0x164 Drivers/STM32F3xx_HAL_Driver/Src/stm32f3xx_hal_dma.o
 .debug_frame   0x00000958       0xec Drivers/STM32F3xx_HAL_Driver/Src/stm32f3xx_hal_gpio.o
 .debug_frame   0x00000a44      0x178 Drivers/STM32F3xx_HAL_Driver/Src/stm32f3xx_hal_rcc.o
 .debug_frame   0x00000bbc       0x7c Drivers/STM32F3xx_HAL_Driver/Src/stm32f3xx_hal_rcc_ex.o
 .debug_frame   0x00000c38      0x5b4 Drivers/STM32F3xx_HAL_Driver/Src/stm32f3xx_hal_spi.o
 .debug_frame   0x000011ec      0xa18 Drivers/STM32F3xx_HAL_Driver/Src/stm32f3xx_hal_tim.o
 .debug_frame   0x00001c04      0x450 Drivers/STM32F3xx_HAL_Driver/Src/stm32f3xx_hal_tim_ex.o
 .debug_frame   0x00002054      0x55c Drivers/STM32F3xx_HAL_Driver/Src/stm32f3xx_hal_uart.o
 .debug_frame   0x000025b0       0xa4 Drivers/STM32F3xx_HAL_Driver/Src/stm32f3xx_hal_uart_ex.o
 .debug_frame   0x00002654      0x5c8 Middlewares/Third_Party/FreeRTOS/Source/CMSIS_RTOS/cmsis_os.o
 .debug_frame   0x00002c1c       0x6c Middlewares/Third_Party/FreeRTOS/Source/list.o
 .debug_frame   0x00002c88      0x2d0 Middlewares/Third_Party/FreeRTOS/Source/queue.o
 .debug_frame   0x00002f58      0x504 Middlewares/Third_Party/FreeRTOS/Source/tasks.o
 .debug_frame   0x0000345c      0x23c Middlewares/Third_Party/FreeRTOS/Source/timers.o
 .debug_frame   0x00003698       0xf0 Middlewares/Third_Party/FreeRTOS/Source/portable/GCC/ARM_CM4F/port.o
 .debug_frame   0x00003788       0xac Middlewares/Third_Party/FreeRTOS/Source/portable/MemMang/heap_4.o
 .debug_frame   0x00003834       0x64 Src/adc.o
 .debug_frame   0x00003898       0x64 Src/freertos.o
 .debug_frame   0x000038fc       0x3c Src/gpio.o
 .debug_frame   0x00003938       0x88 Src/main.o
 .debug_frame   0x000039c0       0x88 Src/ringbuffer.o
 .debug_frame   0x00003a48       0x80 Src/spi.o
 .debug_frame   0x00003ac8       0x2c Src/stm32f3xx_hal_msp.o
 .debug_frame   0x00003af4       0x50 Src/stm32f3xx_hal_timebase_TIM.o
 .debug_frame   0x00003b44       0xb8 Src/stm32f3xx_it.o
 .debug_frame   0x00003bfc       0x30 Src/system_stm32f3xx.o
 .debug_frame   0x00003c2c       0x60 Src/usart.o
 .debug_frame   0x00003c8c       0x2c c:/ac6/systemworkbench/plugins/fr.ac6.mcu.externaltools.arm-none.win32_1.16.0.201807130628/tools/compiler/bin/../lib/gcc/arm-none-eabi/7.2.1/../../../../arm-none-eabi/lib/thumb/v7e-m/fpv4-sp/hard\libc_nano.a(lib_a-init.o)
 .debug_frame   0x00003cb8       0x28 c:/ac6/systemworkbench/plugins/fr.ac6.mcu.externaltools.arm-none.win32_1.16.0.201807130628/tools/compiler/bin/../lib/gcc/arm-none-eabi/7.2.1/../../../../arm-none-eabi/lib/thumb/v7e-m/fpv4-sp/hard\libc_nano.a(lib_a-memcpy-stub.o)
